Archive member included because of file (symbol)

d:/altera/14.0/nios2eds/bin/gnu/h-x86_64-mingw32/bin/../lib/gcc/nios2-elf/4.7.3/../../../../../H-x86_64-mingw32/nios2-elf/lib\libm.a(lib_a-sf_isnanf.o)
                              obj/default/red_plus_main.o (__isnanf)
d:/altera/14.0/nios2eds/bin/gnu/h-x86_64-mingw32/bin/../lib/gcc/nios2-elf/4.7.3\libgcc.a(_sf_to_df.o)
                              obj/default/red_plus_main.o (__extendsfdf2)
d:/altera/14.0/nios2eds/bin/gnu/h-x86_64-mingw32/bin/../lib/gcc/nios2-elf/4.7.3\libgcc.a(_addsub_df.o)
                              obj/default/red_plus_main.o (__subdf3)
d:/altera/14.0/nios2eds/bin/gnu/h-x86_64-mingw32/bin/../lib/gcc/nios2-elf/4.7.3\libgcc.a(_mul_df.o)
                              obj/default/red_plus_main.o (__muldf3)
d:/altera/14.0/nios2eds/bin/gnu/h-x86_64-mingw32/bin/../lib/gcc/nios2-elf/4.7.3\libgcc.a(_ge_df.o)
                              obj/default/red_plus_main.o (__gedf2)
d:/altera/14.0/nios2eds/bin/gnu/h-x86_64-mingw32/bin/../lib/gcc/nios2-elf/4.7.3\libgcc.a(_le_df.o)
                              obj/default/red_plus_main.o (__ledf2)
d:/altera/14.0/nios2eds/bin/gnu/h-x86_64-mingw32/bin/../lib/gcc/nios2-elf/4.7.3\libgcc.a(_make_df.o)
                              d:/altera/14.0/nios2eds/bin/gnu/h-x86_64-mingw32/bin/../lib/gcc/nios2-elf/4.7.3\libgcc.a(_sf_to_df.o) (__make_dp)
d:/altera/14.0/nios2eds/bin/gnu/h-x86_64-mingw32/bin/../lib/gcc/nios2-elf/4.7.3\libgcc.a(_df_to_sf.o)
                              obj/default/red_plus_main.o (__truncdfsf2)
d:/altera/14.0/nios2eds/bin/gnu/h-x86_64-mingw32/bin/../lib/gcc/nios2-elf/4.7.3\libgcc.a(_thenan_df.o)
                              d:/altera/14.0/nios2eds/bin/gnu/h-x86_64-mingw32/bin/../lib/gcc/nios2-elf/4.7.3\libgcc.a(_addsub_df.o) (__thenan_df)
d:/altera/14.0/nios2eds/bin/gnu/h-x86_64-mingw32/bin/../lib/gcc/nios2-elf/4.7.3\libgcc.a(_muldi3.o)
                              d:/altera/14.0/nios2eds/bin/gnu/h-x86_64-mingw32/bin/../lib/gcc/nios2-elf/4.7.3\libgcc.a(_mul_df.o) (__muldi3)
d:/altera/14.0/nios2eds/bin/gnu/h-x86_64-mingw32/bin/../lib/gcc/nios2-elf/4.7.3\libgcc.a(_unpack_sf.o)
                              d:/altera/14.0/nios2eds/bin/gnu/h-x86_64-mingw32/bin/../lib/gcc/nios2-elf/4.7.3\libgcc.a(_sf_to_df.o) (__unpack_f)
d:/altera/14.0/nios2eds/bin/gnu/h-x86_64-mingw32/bin/../lib/gcc/nios2-elf/4.7.3\libgcc.a(_make_sf.o)
                              d:/altera/14.0/nios2eds/bin/gnu/h-x86_64-mingw32/bin/../lib/gcc/nios2-elf/4.7.3\libgcc.a(_df_to_sf.o) (__make_fp)
d:/altera/14.0/nios2eds/bin/gnu/h-x86_64-mingw32/bin/../lib/gcc/nios2-elf/4.7.3\libgcc.a(_pack_df.o)
                              d:/altera/14.0/nios2eds/bin/gnu/h-x86_64-mingw32/bin/../lib/gcc/nios2-elf/4.7.3\libgcc.a(_addsub_df.o) (__pack_d)
d:/altera/14.0/nios2eds/bin/gnu/h-x86_64-mingw32/bin/../lib/gcc/nios2-elf/4.7.3\libgcc.a(_unpack_df.o)
                              d:/altera/14.0/nios2eds/bin/gnu/h-x86_64-mingw32/bin/../lib/gcc/nios2-elf/4.7.3\libgcc.a(_addsub_df.o) (__unpack_d)
d:/altera/14.0/nios2eds/bin/gnu/h-x86_64-mingw32/bin/../lib/gcc/nios2-elf/4.7.3\libgcc.a(_fpcmp_parts_df.o)
                              d:/altera/14.0/nios2eds/bin/gnu/h-x86_64-mingw32/bin/../lib/gcc/nios2-elf/4.7.3\libgcc.a(_ge_df.o) (__fpcmp_parts_d)
d:/altera/14.0/nios2eds/bin/gnu/h-x86_64-mingw32/bin/../lib/gcc/nios2-elf/4.7.3\libgcc.a(_lshrdi3.o)
                              d:/altera/14.0/nios2eds/bin/gnu/h-x86_64-mingw32/bin/../lib/gcc/nios2-elf/4.7.3\libgcc.a(_pack_df.o) (__lshrdi3)
d:/altera/14.0/nios2eds/bin/gnu/h-x86_64-mingw32/bin/../lib/gcc/nios2-elf/4.7.3\libgcc.a(_ashldi3.o)
                              d:/altera/14.0/nios2eds/bin/gnu/h-x86_64-mingw32/bin/../lib/gcc/nios2-elf/4.7.3\libgcc.a(_pack_df.o) (__ashldi3)
d:/altera/14.0/nios2eds/bin/gnu/h-x86_64-mingw32/bin/../lib/gcc/nios2-elf/4.7.3\libgcc.a(_pack_sf.o)
                              d:/altera/14.0/nios2eds/bin/gnu/h-x86_64-mingw32/bin/../lib/gcc/nios2-elf/4.7.3\libgcc.a(_make_sf.o) (__pack_f)
d:/altera/14.0/nios2eds/bin/gnu/h-x86_64-mingw32/bin/../lib/gcc/nios2-elf/4.7.3/../../../../../H-x86_64-mingw32/nios2-elf/lib\libc.a(lib_a-printf.o)
                              obj/default/red_plus_main.o (printf)
d:/altera/14.0/nios2eds/bin/gnu/h-x86_64-mingw32/bin/../lib/gcc/nios2-elf/4.7.3/../../../../../H-x86_64-mingw32/nios2-elf/lib\libc.a(lib_a-puts.o)
                              obj/default/red_plus_main.o (puts)
d:/altera/14.0/nios2eds/bin/gnu/h-x86_64-mingw32/bin/../lib/gcc/nios2-elf/4.7.3/../../../../../H-x86_64-mingw32/nios2-elf/lib\libc.a(lib_a-sprintf.o)
                              obj/default/red_plus_main.o (sprintf)
d:/altera/14.0/nios2eds/bin/gnu/h-x86_64-mingw32/bin/../lib/gcc/nios2-elf/4.7.3/../../../../../H-x86_64-mingw32/nios2-elf/lib\libc.a(lib_a-strlen.o)
[...]
Memory Configuration

Name             Origin             Length             Attributes
reset            0x0000000002000000 0x0000000000000020
sdram            0x0000000002000020 0x0000000001ffffe0
onchip_memory    0x0000000004001000 0x0000000000001000
*default*        0x0000000000000000 0xffffffffffffffff

Linker script and memory map

LOAD ../red_plus_prognosing_bsp//obj/HAL/src/crt0.o
LOAD obj/default/.metadata/.plugins/org.eclipse.cdt.make.core/specs.o
LOAD obj/default/LCD.o
LOAD obj/default/SCCB.o
LOAD obj/default/delay.o
LOAD obj/default/ov7660.o
LOAD obj/default/red_plus_main.o
LOAD obj/default/.metadata/.plugins/org.eclipse.cdt.make.core/specs.o
LOAD d:/altera/14.0/nios2eds/bin/gnu/h-x86_64-mingw32/bin/../lib/gcc/nios2-elf/4.7.3/../../../../../H-x86_64-mingw32/nios2-elf/lib\libstdc++.a
LOAD d:/altera/14.0/nios2eds/bin/gnu/h-x86_64-mingw32/bin/../lib/gcc/nios2-elf/4.7.3/../../../../../H-x86_64-mingw32/nios2-elf/lib\libm.a
LOAD d:/altera/14.0/nios2eds/bin/gnu/h-x86_64-mingw32/bin/../lib/gcc/nios2-elf/4.7.3\libgcc.a
START GROUP
LOAD d:/altera/14.0/nios2eds/bin/gnu/h-x86_64-mingw32/bin/../lib/gcc/nios2-elf/4.7.3/../../../../../H-x86_64-mingw32/nios2-elf/lib\libc.a
LOAD d:/altera/14.0/nios2eds/bin/gnu/h-x86_64-mingw32/bin/../lib/gcc/nios2-elf/4.7.3\libgcc.a
LOAD ../red_plus_prognosing_bsp/\libhal_bsp.a
END GROUP
LOAD d:/altera/14.0/nios2eds/bin/gnu/h-x86_64-mingw32/bin/../lib/gcc/nios2-elf/4.7.3\libgcc.a
                0x0000000002000000                __alt_mem_sdram = 0x2000000
                0x0000000004001000                __alt_mem_onchip_memory = 0x4001000

.entry          0x0000000002000000       0x20
 *(.entry)
 .entry         0x0000000002000000       0x20 ../red_plus_prognosing_bsp//obj/HAL/src/crt0.o
                0x0000000002000000                __reset

.exceptions     0x0000000002000020      0x198
                0x0000000002000020                PROVIDE (__ram_exceptions_start, ABSOLUTE (.))
                0x0000000002000020                . = ALIGN (0x20)
 *(.irq)
 *(.exceptions.entry.label)
 .exceptions.entry.label
                0x0000000002000020        0x0 ../red_plus_prognosing_bsp/\libhal_bsp.a(alt_irq_entry.o)
                0x0000000002000020                alt_irq_entry
 .exceptions.entry.label
                0x0000000002000020        0x0 ../red_plus_prognosing_bsp/\libhal_bsp.a(alt_exception_entry.o)
                0x0000000002000020                alt_exception
 *(.exceptions.entry.user)
 *(.exceptions.entry.ecc_fatal)
 *(.exceptions.entry)
 .exceptions.entry
                0x0000000002000020       0x54 ../red_plus_prognosing_bsp/\libhal_bsp.a(alt_exception_entry.o)
 *(.exceptions.irqtest.user)
 *(.exceptions.irqtest)
 .exceptions.irqtest
                0x0000000002000074       0x10 ../red_plus_prognosing_bsp/\libhal_bsp.a(alt_irq_entry.o)
 *(.exceptions.irqhandler.user)
 *(.exceptions.irqhandler)
 .exceptions.irqhandler
                0x0000000002000084        0x4 ../red_plus_prognosing_bsp/\libhal_bsp.a(alt_irq_entry.o)
 *(.exceptions.irqreturn.user)
 *(.exceptions.irqreturn)
 .exceptions.irqreturn
                0x0000000002000088        0x4 ../red_plus_prognosing_bsp/\libhal_bsp.a(alt_irq_entry.o)
 *(.exceptions.notirq.label)
 .exceptions.notirq.label
                0x000000000200008c        0x0 ../red_plus_prognosing_bsp/\libhal_bsp.a(alt_irq_entry.o)
 *(.exceptions.notirq.user)
 *(.exceptions.notirq)
 .exceptions.notirq
                0x000000000200008c        0x8 ../red_plus_prognosing_bsp/\libhal_bsp.a(alt_exception_entry.o)
 *(.exceptions.soft.user)
 *(.exceptions.soft)
 *(.exceptions.unknown.user)
 *(.exceptions.unknown)
 .exceptions.unknown
                0x0000000002000094        0x4 ../red_plus_prognosing_bsp/\libhal_bsp.a(alt_exception_entry.o)
 *(.exceptions.exit.label)
 .exceptions.exit.label
                0x0000000002000098        0x0 ../red_plus_prognosing_bsp/\libhal_bsp.a(alt_irq_entry.o)
 .exceptions.exit.label
                0x0000000002000098        0x0 ../red_plus_prognosing_bsp/\libhal_bsp.a(alt_exception_entry.o)
 *(.exceptions.exit.user)
 *(.exceptions.exit)
 .exceptions.exit
                0x0000000002000098       0x54 ../red_plus_prognosing_bsp/\libhal_bsp.a(alt_exception_entry.o)
 *(.exceptions)
 .exceptions    0x00000000020000ec       0xcc ../red_plus_prognosing_bsp/\libhal_bsp.a(alt_irq_handler.o)
                0x00000000020000ec                alt_irq_handler
                0x00000000020001b8                PROVIDE (__ram_exceptions_end, ABSOLUTE (.))
                0x0000000002000020                PROVIDE (__flash_exceptions_start, LOADADDR (.exceptions))

.text           0x00000000020001b8     0xdd2c
                0x00000000020001b8                PROVIDE (stext, ABSOLUTE (.))
 *(.interp)
 *(.hash)
 *(.dynsym)
 *(.dynstr)
 *(.gnu.version)
 *(.gnu.version_d)
 *(.gnu.version_r)
 *(.rel.init)
 *(.rela.init)
 *(.rel.text .rel.text.* .rel.gnu.linkonce.t.*)
 *(.rela.text .rela.text.* .rela.gnu.linkonce.t.*)
 *(.rel.fini)
 *(.rela.fini)
 *(.rel.rodata .rel.rodata.* .rel.gnu.linkonce.r.*)
 *(.rela.rodata .rela.rodata.* .rela.gnu.linkonce.r.*)
 *(.rel.data .rel.data.* .rel.gnu.linkonce.d.*)
 *(.rela.data .rela.data.* .rela.gnu.linkonce.d.*)
 *(.rel.tdata .rel.tdata.* .rel.gnu.linkonce.td.*)
 *(.rela.tdata .rela.tdata.* .rela.gnu.linkonce.td.*)
 *(.rel.tbss .rel.tbss.* .rel.gnu.linkonce.tb.*)
 *(.rela.tbss .rela.tbss.* .rela.gnu.linkonce.tb.*)
 *(.rel.ctors)
 *(.rela.ctors)
 *(.rel.dtors)
 *(.rela.dtors)
 *(.rel.got)
 *(.rela.got)
 *(.rel.sdata .rel.sdata.* .rel.gnu.linkonce.s.*)
 *(.rela.sdata .rela.sdata.* .rela.gnu.linkonce.s.*)
 *(.rel.sbss .rel.sbss.* .rel.gnu.linkonce.sb.*)
 *(.rela.sbss .rela.sbss.* .rela.gnu.linkonce.sb.*)
 *(.rel.sdata2 .rel.sdata2.* .rel.gnu.linkonce.s2.*)
 *(.rela.sdata2 .rela.sdata2.* .rela.gnu.linkonce.s2.*)
 *(.rel.sbss2 .rel.sbss2.* .rel.gnu.linkonce.sb2.*)
 *(.rela.sbss2 .rela.sbss2.* .rela.gnu.linkonce.sb2.*)
 *(.rel.bss .rel.bss.* .rel.gnu.linkonce.b.*)
 *(.rela.bss .rela.bss.* .rela.gnu.linkonce.b.*)
 *(.rel.plt)
 *(.rela.plt)
 *(.rel.dyn)
 *(.init)
 *(.plt)
 *(.text .stub .text.* .gnu.linkonce.t.*)
 .text          0x00000000020001b8       0x4c ../red_plus_prognosing_bsp//obj/HAL/src/crt0.o
                0x00000000020001b8                _start
 .text          0x0000000002000204        0x0 obj/default/.metadata/.plugins/org.eclipse.cdt.make.core/specs.o
 .text          0x0000000002000204      0x9f0 obj/default/LCD.o
                0x0000000002000204                delayms
                0x0000000002000254                LCD_Writ_Bus
                0x00000000020002a8                LCD_Write_COM
                0x0000000002000310                LCD_Write_DATA
                0x0000000002000378                LCD_WR_REG
                0x00000000020003c4                LCD_ReadReg
                0x00000000020004d0                Address_set
                0x000000000200059c                LCD_write_english
                0x0000000002000684                LCD_write_english_string
                0x0000000002000744                Lcd_SetBox
                0x0000000002000800                LCD_SetCursor
                0x0000000002000854                LCD_reset
                0x00000000020008a8                Pant
                0x0000000002000934                LCD_Init
 .text          0x0000000002000bf4      0x3a8 obj/default/SCCB.o
                0x0000000002000bf4                startSCCB
                0x0000000002000c88                stopSCCB
                0x0000000002000d04                noAck
                0x0000000002000d98                SCCBwriteByte
                0x0000000002000ed8                SCCBreadByte
 .text          0x0000000002000f9c       0x90 obj/default/delay.o
                0x0000000002000f9c                delay_us
                0x0000000002000fdc                delay_ms
 .text          0x000000000200102c      0x4f8 obj/default/ov7660.o
                0x000000000200102c                wrOV7660Reg
                0x00000000020010d8                rdOV7660Reg
                0x000000000200119c                OV7660_config_window
                0x000000000200134c                OV7660_init
 .text          0x0000000002001524      0xa64 obj/default/red_plus_main.o
                0x0000000002001524                init_button_pio
                0x000000000200158c                odval_interrupts
                0x0000000002001808                main
 .text          0x0000000002001f88        0x0 obj/default/.metadata/.plugins/org.eclipse.cdt.make.core/specs.o
 .text          0x0000000002001f88       0x18 d:/altera/14.0/nios2eds/bin/gnu/h-x86_64-mingw32/bin/../lib/gcc/nios2-elf/4.7.3/../../../../../H-x86_64-mingw32/nios2-elf/lib\libm.a(lib_a-sf_isnanf.o)
                0x0000000002001f88                __isnanf
 .text          0x0000000002001fa0       0x44 d:/altera/14.0/nios2eds/bin/gnu/h-x86_64-mingw32/bin/../lib/gcc/nios2-elf/4.7.3\libgcc.a(_sf_to_df.o)
                0x0000000002001fa0                __extendsfdf2
 .text          0x0000000002001fe4      0x408 d:/altera/14.0/nios2eds/bin/gnu/h-x86_64-mingw32/bin/../lib/gcc/nios2-elf/4.7.3\libgcc.a(_addsub_df.o)
                0x0000000002002338                __adddf3
                0x000000000200238c                __subdf3
 .text          0x00000000020023ec      0x2e4 d:/altera/14.0/nios2eds/bin/gnu/h-x86_64-mingw32/bin/../lib/gcc/nios2-elf/4.7.3\libgcc.a(_mul_df.o)
                0x00000000020023ec                __muldf3
 .text          0x00000000020026d0       0x64 d:/altera/14.0/nios2eds/bin/gnu/h-x86_64-mingw32/bin/../lib/gcc/nios2-elf/4.7.3\libgcc.a(_ge_df.o)
                0x00000000020026d0                __gedf2
 .text          0x0000000002002734       0x5c d:/altera/14.0/nios2eds/bin/gnu/h-x86_64-mingw32/bin/../lib/gcc/nios2-elf/4.7.3\libgcc.a(_le_df.o)
                0x0000000002002734                __ledf2
 .text          0x0000000002002790       0x38 d:/altera/14.0/nios2eds/bin/gnu/h-x86_64-mingw32/bin/../lib/gcc/nios2-elf/4.7.3\libgcc.a(_make_df.o)
                0x0000000002002790                __make_dp
 .text          0x00000000020027c8       0x60 d:/altera/14.0/nios2eds/bin/gnu/h-x86_64-mingw32/bin/../lib/gcc/nios2-elf/4.7.3\libgcc.a(_df_to_sf.o)
                0x00000000020027c8                __truncdfsf2
 .text          0x0000000002002828        0x0 d:/altera/14.0/nios2eds/bin/gnu/h-x86_64-mingw32/bin/../lib/gcc/nios2-elf/4.7.3\libgcc.a(_thenan_df.o)
 .text          0x0000000002002828       0x60 d:/altera/14.0/nios2eds/bin/gnu/h-x86_64-mingw32/bin/../lib/gcc/nios2-elf/4.7.3\libgcc.a(_muldi3.o)
                0x0000000002002828                __muldi3
 .text          0x0000000002002888       0xc8 d:/altera/14.0/nios2eds/bin/gnu/h-x86_64-mingw32/bin/../lib/gcc/nios2-elf/4.7.3\libgcc.a(_unpack_sf.o)
                0x0000000002002888                __unpack_f
 .text          0x0000000002002950       0x2c d:/altera/14.0/nios2eds/bin/gnu/h-x86_64-mingw32/bin/../lib/gcc/nios2-elf/4.7.3\libgcc.a(_make_sf.o)
                0x0000000002002950                __make_fp
 .text          0x000000000200297c      0x224 d:/altera/14.0/nios2eds/bin/gnu/h-x86_64-mingw32/bin/../lib/gcc/nios2-elf/4.7.3\libgcc.a(_pack_df.o)
                0x000000000200297c                __pack_d
 .text          0x0000000002002ba0      0x104 d:/altera/14.0/nios2eds/bin/gnu/h-x86_64-mingw32/bin/../lib/gcc/nios2-elf/4.7.3\libgcc.a(_unpack_df.o)
                0x0000000002002ba0                __unpack_d
 .text          0x0000000002002ca4       0xd0 d:/altera/14.0/nios2eds/bin/gnu/h-x86_64-mingw32/bin/../lib/gcc/nios2-elf/4.7.3\libgcc.a(_fpcmp_parts_df.o)
                0x0000000002002ca4                __fpcmp_parts_d
 .text          0x0000000002002d74       0x44 d:/altera/14.0/nios2eds/bin/gnu/h-x86_64-mingw32/bin/../lib/gcc/nios2-elf/4.7.3\libgcc.a(_lshrdi3.o)
                0x0000000002002d74                __lshrdi3
 .text          0x0000000002002db8       0x44 d:/altera/14.0/nios2eds/bin/gnu/h-x86_64-mingw32/bin/../lib/gcc/nios2-elf/4.7.3\libgcc.a(_ashldi3.o)
                0x0000000002002db8                __ashldi3
 .text          0x0000000002002dfc      0x12c d:/altera/14.0/nios2eds/bin/gnu/h-x86_64-mingw32/bin/../lib/gcc/nios2-elf/4.7.3\libgcc.a(_pack_sf.o)
                0x0000000002002dfc                __pack_f
 .text          0x0000000002002f28       0x68 d:/altera/14.0/nios2eds/bin/gnu/h-x86_64-mingw32/bin/../lib/gcc/nios2-elf/4.7.3/../../../../../H-x86_64-mingw32/nios2-elf/lib\libc.a(lib_a-printf.o)
                0x0000000002002f28                _printf_r
                0x0000000002002f54                printf
 .text          0x0000000002002f90       0x98 d:/altera/14.0/nios2eds/bin/gnu/h-x86_64-mingw32/bin/../lib/gcc/nios2-elf/4.7.3/../../../../../H-x86_64-mingw32/nios2-elf/lib\libc.a(lib_a-puts.o)
                0x0000000002002f90                _puts_r
                0x0000000002003014                puts
 .text          0x0000000002003028       0xc4 d:/altera/14.0/nios2eds/bin/gnu/h-x86_64-mingw32/bin/../lib/gcc/nios2-elf/4.7.3/../../../../../H-x86_64-mingw32/nios2-elf/lib\libc.a(lib_a-sprintf.o)
                0x0000000002003028                _sprintf_r
                0x0000000002003080                sprintf
 .text          0x00000000020030ec       0x8c d:/altera/14.0/nios2eds/bin/gnu/h-x86_64-mingw32/bin/../lib/gcc/nios2-elf/4.7.3/../../../../../H-x86_64-mingw32/nios2-elf/lib\libc.a(lib_a-strlen.o)
                0x00000000020030ec                strlen
 .text          0x0000000002003178     0x1e50 d:/altera/14.0/nios2eds/bin/gnu/h-x86_64-mingw32/bin/../lib/gcc/nios2-elf/4.7.3/../../../../../H-x86_64-mingw32/nios2-elf/lib\libc.a(lib_a-vfprintf.o)
                0x00000000020031ac                ___vfprintf_internal_r
                0x0000000002004fa4                __vfprintf_internal
 .text          0x0000000002004fc8      0x174 d:/altera/14.0/nios2eds/bin/gnu/h-x86_64-mingw32/bin/../lib/gcc/nios2-elf/4.7.3/../../../../../H-x86_64-mingw32/nios2-elf/lib\libc.a(lib_a-wsetup.o)
                0x0000000002004fc8                __swsetup_r
 .text          0x000000000200513c     0x1824 d:/altera/14.0/nios2eds/bin/gnu/h-x86_64-mingw32/bin/../lib/gcc/nios2-elf/4.7.3/../../../../../H-x86_64-mingw32/nios2-elf/lib\libc.a(lib_a-dtoa.o)
                0x0000000002005344                _dtoa_r
 .text          0x0000000002006960      0x218 d:/altera/14.0/nios2eds/bin/gnu/h-x86_64-mingw32/bin/../lib/gcc/nios2-elf/4.7.3/../../../../../H-x86_64-mingw32/nios2-elf/lib\libc.a(lib_a-fflush.o)
                0x0000000002006960                _fflush_r
                0x0000000002006b48                fflush
 .text          0x0000000002006b78      0x2d8 d:/altera/14.0/nios2eds/bin/gnu/h-x86_64-mingw32/bin/../lib/gcc/nios2-elf/4.7.3/../../../../../H-x86_64-mingw32/nios2-elf/lib\libc.a(lib_a-findfp.o)
                0x0000000002006b88                _cleanup_r
                0x0000000002006b94                __sfmoreglue
                0x0000000002006bf8                _cleanup
                0x0000000002006c08                __sinit
                0x0000000002006d14                __sfp
                0x0000000002006e10                __sfp_lock_acquire
                0x0000000002006e14                __sfp_lock_release
                0x0000000002006e18                __sinit_lock_acquire
                0x0000000002006e1c                __sinit_lock_release
                0x0000000002006e20                __fp_lock_all
                0x0000000002006e38                __fp_unlock_all
 .text          0x0000000002006e50      0x40c d:/altera/14.0/nios2eds/bin/gnu/h-x86_64-mingw32/bin/../lib/gcc/nios2-elf/4.7.3/../../../../../H-x86_64-mingw32/nios2-elf/lib\libc.a(lib_a-freer.o)
                0x0000000002006e50                _malloc_trim_r
                0x0000000002006f8c                _free_r
 .text          0x000000000200725c      0x4e4 d:/altera/14.0/nios2eds/bin/gnu/h-x86_64-mingw32/bin/../lib/gcc/nios2-elf/4.7.3/../../../../../H-x86_64-mingw32/nios2-elf/lib\libc.a(lib_a-fvwrite.o)
                0x000000000200725c                __sfvwrite_r
 .text          0x0000000002007740      0x160 d:/altera/14.0/nios2eds/bin/gnu/h-x86_64-mingw32/bin/../lib/gcc/nios2-elf/4.7.3/../../../../../H-x86_64-mingw32/nios2-elf/lib\libc.a(lib_a-fwalk.o)
                0x0000000002007740                _fwalk
                0x00000000020077e8                _fwalk_reent
 .text          0x00000000020078a0        0x0 d:/altera/14.0/nios2eds/bin/gnu/h-x86_64-mingw32/bin/../lib/gcc/nios2-elf/4.7.3/../../../../../H-x86_64-mingw32/nios2-elf/lib\libc.a(lib_a-impure.o)
 .text          0x00000000020078a0       0xdc d:/altera/14.0/nios2eds/bin/gnu/h-x86_64-mingw32/bin/../lib/gcc/nios2-elf/4.7.3/../../../../../H-x86_64-mingw32/nios2-elf/lib\libc.a(lib_a-locale.o)
                0x00000000020078a0                _setlocale_r
                0x000000000200793c                __locale_charset
                0x0000000002007948                _localeconv_r
                0x0000000002007954                setlocale
                0x0000000002007970                localeconv
 .text          0x000000000200797c      0x1a8 d:/altera/14.0/nios2eds/bin/gnu/h-x86_64-mingw32/bin/../lib/gcc/nios2-elf/4.7.3/../../../../../H-x86_64-mingw32/nios2-elf/lib\libc.a(lib_a-makebuf.o)
                0x000000000200797c                __smakebuf_r
 .text          0x0000000002007b24      0x784 d:/altera/14.0/nios2eds/bin/gnu/h-x86_64-mingw32/bin/../lib/gcc/nios2-elf/4.7.3/../../../../../H-x86_64-mingw32/nios2-elf/lib\libc.a(lib_a-mallocr.o)
                0x0000000002007b24                _malloc_r
 .text          0x00000000020082a8       0xf8 d:/altera/14.0/nios2eds/bin/gnu/h-x86_64-mingw32/bin/../lib/gcc/nios2-elf/4.7.3/../../../../../H-x86_64-mingw32/nios2-elf/lib\libc.a(lib_a-memchr.o)
                0x00000000020082a8                memchr
 .text          0x00000000020083a0       0xf8 d:/altera/14.0/nios2eds/bin/gnu/h-x86_64-mingw32/bin/../lib/gcc/nios2-elf/4.7.3/../../../../../H-x86_64-mingw32/nios2-elf/lib\libc.a(lib_a-memcpy.o)
                0x00000000020083a0                memcpy
 .text          0x0000000002008498      0x128 d:/altera/14.0/nios2eds/bin/gnu/h-x86_64-mingw32/bin/../lib/gcc/nios2-elf/4.7.3/../../../../../H-x86_64-mingw32/nios2-elf/lib\libc.a(lib_a-memmove.o)
                0x0000000002008498                memmove
 .text          0x00000000020085c0       0xdc d:/altera/14.0/nios2eds/bin/gnu/h-x86_64-mingw32/bin/../lib/gcc/nios2-elf/4.7.3/../../../../../H-x86_64-mingw32/nios2-elf/lib\libc.a(lib_a-memset.o)
                0x00000000020085c0                memset
 .text          0x000000000200869c      0xfa8 d:/altera/14.0/nios2eds/bin/gnu/h-x86_64-mingw32/bin/../lib/gcc/nios2-elf/4.7.3/../../../../../H-x86_64-mingw32/nios2-elf/lib\libc.a(lib_a-mprec.o)
                0x000000000200869c                _Balloc
                0x0000000002008744                _Bfree
                0x000000000200876c                __multadd
                0x0000000002008880                __s2b
                0x0000000002008984                __hi0bits
                0x00000000020089ec                __lo0bits
                0x0000000002008a9c                __i2b
                0x0000000002008ad8                __multiply
                0x0000000002008cb8                __pow5mult
                0x0000000002008de4                __lshift
                0x0000000002008f40                __mcmp
                0x0000000002008f98                __mdiff
                0x0000000002009140                __ulp
                0x00000000020091a0                __b2d
                0x00000000020092e8                __d2b
                0x000000000200942c                __ratio
                0x00000000020094d0                _mprec_log10
                0x0000000002009544                __copybits
                0x00000000020095c0                __any_on
 .text          0x0000000002009644      0x5fc d:/altera/14.0/nios2eds/bin/gnu/h-x86_64-mingw32/bin/../lib/gcc/nios2-elf/4.7.3/../../../../../H-x86_64-mingw32/nios2-elf/lib\libc.a(lib_a-reallocr.o)
                0x0000000002009644                _realloc_r
 .text          0x0000000002009c40       0x38 d:/altera/14.0/nios2eds/bin/gnu/h-x86_64-mingw32/bin/../lib/gcc/nios2-elf/4.7.3/../../../../../H-x86_64-mingw32/nios2-elf/lib\libc.a(lib_a-s_isinfd.o)
                0x0000000002009c40                __isinfd
 .text          0x0000000002009c78       0x2c d:/altera/14.0/nios2eds/bin/gnu/h-x86_64-mingw32/bin/../lib/gcc/nios2-elf/4.7.3/../../../../../H-x86_64-mingw32/nios2-elf/lib\libc.a(lib_a-s_isnand.o)
                0x0000000002009c78                __isnand
 .text          0x0000000002009ca4       0x64 d:/altera/14.0/nios2eds/bin/gnu/h-x86_64-mingw32/bin/../lib/gcc/nios2-elf/4.7.3/../../../../../H-x86_64-mingw32/nios2-elf/lib\libc.a(lib_a-sbrkr.o)
                0x0000000002009ca4                _sbrk_r
 .text          0x0000000002009d08      0x140 d:/altera/14.0/nios2eds/bin/gnu/h-x86_64-mingw32/bin/../lib/gcc/nios2-elf/4.7.3/../../../../../H-x86_64-mingw32/nios2-elf/lib\libc.a(lib_a-stdio.o)
                0x0000000002009d08                __sread
                0x0000000002009d5c                __swrite
                0x0000000002009de4                __sseek
                0x0000000002009e40                __sclose
 .text          0x0000000002009e48       0xa4 d:/altera/14.0/nios2eds/bin/gnu/h-x86_64-mingw32/bin/../lib/gcc/nios2-elf/4.7.3/../../../../../H-x86_64-mingw32/nios2-elf/lib\libc.a(lib_a-strcmp.o)
                0x0000000002009e48                strcmp
 .text          0x0000000002009eec       0x6c d:/altera/14.0/nios2eds/bin/gnu/h-x86_64-mingw32/bin/../lib/gcc/nios2-elf/4.7.3/../../../../../H-x86_64-mingw32/nios2-elf/lib\libc.a(lib_a-writer.o)
                0x0000000002009eec                _write_r
 .text          0x0000000002009f58       0xbc d:/altera/14.0/nios2eds/bin/gnu/h-x86_64-mingw32/bin/../lib/gcc/nios2-elf/4.7.3/../../../../../H-x86_64-mingw32/nios2-elf/lib\libc.a(lib_a-callocr.o)
                0x0000000002009f58                _calloc_r
 .text          0x000000000200a014       0x64 d:/altera/14.0/nios2eds/bin/gnu/h-x86_64-mingw32/bin/../lib/gcc/nios2-elf/4.7.3/../../../../../H-x86_64-mingw32/nios2-elf/lib\libc.a(lib_a-closer.o)
                0x000000000200a014                _close_r
 .text          0x000000000200a078      0x150 d:/altera/14.0/nios2eds/bin/gnu/h-x86_64-mingw32/bin/../lib/gcc/nios2-elf/4.7.3/../../../../../H-x86_64-mingw32/nios2-elf/lib\libc.a(lib_a-fclose.o)
                0x000000000200a078                _fclose_r
                0x000000000200a1b4                fclose
 .text          0x000000000200a1c8       0x68 d:/altera/14.0/nios2eds/bin/gnu/h-x86_64-mingw32/bin/../lib/gcc/nios2-elf/4.7.3/../../../../../H-x86_64-mingw32/nios2-elf/lib\libc.a(lib_a-fstatr.o)
                0x000000000200a1c8                _fstat_r
 .text          0x000000000200a230        0x0 d:/altera/14.0/nios2eds/bin/gnu/h-x86_64-mingw32/bin/../lib/gcc/nios2-elf/4.7.3/../../../../../H-x86_64-mingw32/nios2-elf/lib\libc.a(lib_a-int_errno.o)
 .text          0x000000000200a230       0x64 d:/altera/14.0/nios2eds/bin/gnu/h-x86_64-mingw32/bin/../lib/gcc/nios2-elf/4.7.3/../../../../../H-x86_64-mingw32/nios2-elf/lib\libc.a(lib_a-isattyr.o)
                0x000000000200a230                _isatty_r
 .text          0x000000000200a294       0x6c d:/altera/14.0/nios2eds/bin/gnu/h-x86_64-mingw32/bin/../lib/gcc/nios2-elf/4.7.3/../../../../../H-x86_64-mingw32/nios2-elf/lib\libc.a(lib_a-lseekr.o)
                0x000000000200a294                _lseek_r
 .text          0x000000000200a300       0x6c d:/altera/14.0/nios2eds/bin/gnu/h-x86_64-mingw32/bin/../lib/gcc/nios2-elf/4.7.3/../../../../../H-x86_64-mingw32/nios2-elf/lib\libc.a(lib_a-readr.o)
                0x000000000200a300                _read_r
 .text          0x000000000200a36c      0x5c8 d:/altera/14.0/nios2eds/bin/gnu/h-x86_64-mingw32/bin/../lib/gcc/nios2-elf/4.7.3\libgcc.a(_udivdi3.o)
                0x000000000200a36c                __udivdi3
 .text          0x000000000200a934      0x58c d:/altera/14.0/nios2eds/bin/gnu/h-x86_64-mingw32/bin/../lib/gcc/nios2-elf/4.7.3\libgcc.a(_umoddi3.o)
                0x000000000200a934                __umoddi3
 .text          0x000000000200aec0      0x1b4 d:/altera/14.0/nios2eds/bin/gnu/h-x86_64-mingw32/bin/../lib/gcc/nios2-elf/4.7.3\libgcc.a(_div_df.o)
                0x000000000200aec0                __divdf3
 .text          0x000000000200b074       0x5c d:/altera/14.0/nios2eds/bin/gnu/h-x86_64-mingw32/bin/../lib/gcc/nios2-elf/4.7.3\libgcc.a(_eq_df.o)
                0x000000000200b074                __eqdf2
 .text          0x000000000200b0d0       0x5c d:/altera/14.0/nios2eds/bin/gnu/h-x86_64-mingw32/bin/../lib/gcc/nios2-elf/4.7.3\libgcc.a(_ne_df.o)
                0x000000000200b0d0                __nedf2
 .text          0x000000000200b12c       0x64 d:/altera/14.0/nios2eds/bin/gnu/h-x86_64-mingw32/bin/../lib/gcc/nios2-elf/4.7.3\libgcc.a(_gt_df.o)
                0x000000000200b12c                __gtdf2
 .text          0x000000000200b190       0x5c d:/altera/14.0/nios2eds/bin/gnu/h-x86_64-mingw32/bin/../lib/gcc/nios2-elf/4.7.3\libgcc.a(_lt_df.o)
                0x000000000200b190                __ltdf2
 .text          0x000000000200b1ec       0xd4 d:/altera/14.0/nios2eds/bin/gnu/h-x86_64-mingw32/bin/../lib/gcc/nios2-elf/4.7.3\libgcc.a(_si_to_df.o)
                0x000000000200b1ec                __floatsidf
 .text          0x000000000200b2c0       0xc4 d:/altera/14.0/nios2eds/bin/gnu/h-x86_64-mingw32/bin/../lib/gcc/nios2-elf/4.7.3\libgcc.a(_df_to_si.o)
                0x000000000200b2c0                __fixdfsi
 .text          0x000000000200b384      0x11c d:/altera/14.0/nios2eds/bin/gnu/h-x86_64-mingw32/bin/../lib/gcc/nios2-elf/4.7.3\libgcc.a(_usi_to_df.o)
                0x000000000200b384                __floatunsidf
 .text          0x000000000200b4a0      0x130 d:/altera/14.0/nios2eds/bin/gnu/h-x86_64-mingw32/bin/../lib/gcc/nios2-elf/4.7.3\libgcc.a(lib2-divmod.o)
                0x000000000200b514                __divsi3
                0x000000000200b564                __modsi3
                0x000000000200b5c0                __udivsi3
                0x000000000200b5c8                __umodsi3
 .text          0x000000000200b5d0        0x0 d:/altera/14.0/nios2eds/bin/gnu/h-x86_64-mingw32/bin/../lib/gcc/nios2-elf/4.7.3\libgcc.a(_clz.o)
 .text          0x000000000200b5d0       0xac d:/altera/14.0/nios2eds/bin/gnu/h-x86_64-mingw32/bin/../lib/gcc/nios2-elf/4.7.3\libgcc.a(_clzsi2.o)
                0x000000000200b5d0                __clzsi2
 .text          0x000000000200b67c      0x118 ../red_plus_prognosing_bsp/\libhal_bsp.a(alt_close.o)
                0x000000000200b6cc                close
 .text          0x000000000200b794       0x2c ../red_plus_prognosing_bsp/\libhal_bsp.a(alt_dev.o)
 .text          0x000000000200b7c0        0x0 ../red_plus_prognosing_bsp/\libhal_bsp.a(alt_errno.o)
 .text          0x000000000200b7c0       0xfc ../red_plus_prognosing_bsp/\libhal_bsp.a(alt_fstat.o)
                0x000000000200b810                fstat
 .text          0x000000000200b8bc      0x1d8 ../red_plus_prognosing_bsp/\libhal_bsp.a(alt_iic.o)
                0x000000000200b8bc                alt_ic_isr_register
                0x000000000200b90c                alt_ic_irq_enable
                0x000000000200b9a8                alt_ic_irq_disable
                0x000000000200ba48                alt_ic_irq_enabled
 .text          0x000000000200ba94       0xf0 ../red_plus_prognosing_bsp/\libhal_bsp.a(alt_iic_isr_register.o)
                0x000000000200ba94                alt_iic_isr_register
 .text          0x000000000200bb84        0x0 ../red_plus_prognosing_bsp/\libhal_bsp.a(alt_irq_entry.o)
 .text          0x000000000200bb84        0x0 ../red_plus_prognosing_bsp/\libhal_bsp.a(alt_irq_handler.o)
 .text          0x000000000200bb84        0x0 ../red_plus_prognosing_bsp/\libhal_bsp.a(alt_irq_vars.o)
 .text          0x000000000200bb84       0xf0 ../red_plus_prognosing_bsp/\libhal_bsp.a(alt_isatty.o)
                0x000000000200bbd4                isatty
 .text          0x000000000200bc74       0xec ../red_plus_prognosing_bsp/\libhal_bsp.a(alt_load.o)
                0x000000000200bce0                alt_load
 .text          0x000000000200bd60      0x120 ../red_plus_prognosing_bsp/\libhal_bsp.a(alt_lseek.o)
                0x000000000200bdb0                lseek
 .text          0x000000000200be80       0x78 ../red_plus_prognosing_bsp/\libhal_bsp.a(alt_main.o)
                0x000000000200be80                alt_main
 .text          0x000000000200bef8       0x40 ../red_plus_prognosing_bsp/\libhal_bsp.a(alt_malloc_lock.o)
                0x000000000200bef8                __malloc_lock
                0x000000000200bf18                __malloc_unlock
 .text          0x000000000200bf38      0x140 ../red_plus_prognosing_bsp/\libhal_bsp.a(alt_read.o)
                0x000000000200bf88                read
 .text          0x000000000200c078       0x60 ../red_plus_prognosing_bsp/\libhal_bsp.a(alt_release_fd.o)
                0x000000000200c078                alt_release_fd
 .text          0x000000000200c0d8       0xb0 ../red_plus_prognosing_bsp/\libhal_bsp.a(alt_sbrk.o)
                0x000000000200c0d8                sbrk
 .text          0x000000000200c188       0x30 ../red_plus_prognosing_bsp/\libhal_bsp.a(alt_usleep.o)
                0x000000000200c188                usleep
 .text          0x000000000200c1b8      0x13c ../red_plus_prognosing_bsp/\libhal_bsp.a(alt_write.o)
                0x000000000200c208                write
 .text          0x000000000200c2f4       0xc4 ../red_plus_prognosing_bsp/\libhal_bsp.a(alt_sys_init.o)
                0x000000000200c32c                alt_irq_init
                0x000000000200c360                alt_sys_init
 .text          0x000000000200c3b8      0x164 ../red_plus_prognosing_bsp/\libhal_bsp.a(altera_avalon_jtag_uart_fd.o)
                0x000000000200c3b8                altera_avalon_jtag_uart_read_fd
                0x000000000200c418                altera_avalon_jtag_uart_write_fd
                0x000000000200c478                altera_avalon_jtag_uart_close_fd
                0x000000000200c4c8                altera_avalon_jtag_uart_ioctl_fd
 .text          0x000000000200c51c      0x3d0 ../red_plus_prognosing_bsp/\libhal_bsp.a(altera_avalon_jtag_uart_init.o)
                0x000000000200c51c                altera_avalon_jtag_uart_init
                0x000000000200c884                altera_avalon_jtag_uart_close
 .text          0x000000000200c8ec       0xf4 ../red_plus_prognosing_bsp/\libhal_bsp.a(altera_avalon_jtag_uart_ioctl.o)
                0x000000000200c8ec                altera_avalon_jtag_uart_ioctl
 .text          0x000000000200c9e0      0x218 ../red_plus_prognosing_bsp/\libhal_bsp.a(altera_avalon_jtag_uart_read.o)
                0x000000000200c9e0                altera_avalon_jtag_uart_read
 .text          0x000000000200cbf8      0x220 ../red_plus_prognosing_bsp/\libhal_bsp.a(altera_avalon_jtag_uart_write.o)
                0x000000000200cbf8                altera_avalon_jtag_uart_write
 .text          0x000000000200ce18      0x140 ../red_plus_prognosing_bsp/\libhal_bsp.a(alt_alarm_start.o)
                0x000000000200ce18                alt_alarm_start
 .text          0x000000000200cf58      0x154 ../red_plus_prognosing_bsp/\libhal_bsp.a(alt_busy_sleep.o)
                0x000000000200cf58                alt_busy_sleep
 .text          0x000000000200d0ac       0x44 ../red_plus_prognosing_bsp/\libhal_bsp.a(alt_dcache_flush_all.o)
                0x000000000200d0ac                alt_dcache_flush_all
 .text          0x000000000200d0f0       0xf0 ../red_plus_prognosing_bsp/\libhal_bsp.a(alt_dev_llist_insert.o)
                0x000000000200d140                alt_dev_llist_insert
 .text          0x000000000200d1e0       0x5c ../red_plus_prognosing_bsp/\libhal_bsp.a(alt_do_ctors.o)
                0x000000000200d1e0                _do_ctors
 .text          0x000000000200d23c       0x5c ../red_plus_prognosing_bsp/\libhal_bsp.a(alt_do_dtors.o)
                0x000000000200d23c                _do_dtors
 .text          0x000000000200d298        0x0 ../red_plus_prognosing_bsp/\libhal_bsp.a(alt_exception_entry.o)
 .text          0x000000000200d298       0x30 ../red_plus_prognosing_bsp/\libhal_bsp.a(alt_icache_flush_all.o)
                0x000000000200d298                alt_icache_flush_all
 .text          0x000000000200d2c8      0x138 ../red_plus_prognosing_bsp/\libhal_bsp.a(alt_io_redirect.o)
                0x000000000200d388                alt_io_redirect
 .text          0x000000000200d400      0x270 ../red_plus_prognosing_bsp/\libhal_bsp.a(alt_open.o)
                0x000000000200d51c                open
 .text          0x000000000200d670      0x19c ../red_plus_prognosing_bsp/\libhal_bsp.a(alt_tick.o)
                0x000000000200d670                alt_alarm_stop
                0x000000000200d708                alt_tick
 .text          0x000000000200d80c       0x20 ../red_plus_prognosing_bsp/\libhal_bsp.a(altera_nios2_qsys_irq.o)
                0x000000000200d80c                altera_nios2_qsys_irq_init
 .text          0x000000000200d82c       0x90 ../red_plus_prognosing_bsp/\libhal_bsp.a(alt_find_dev.o)
                0x000000000200d82c                alt_find_dev
 .text          0x000000000200d8bc      0x114 ../red_plus_prognosing_bsp/\libhal_bsp.a(alt_find_file.o)
                0x000000000200d8bc                alt_find_file
 .text          0x000000000200d9d0       0xb4 ../red_plus_prognosing_bsp/\libhal_bsp.a(alt_get_fd.o)
                0x000000000200d9d0                alt_get_fd
 .text          0x000000000200da84       0x8c ../red_plus_prognosing_bsp/\libhal_bsp.a(alt_icache_flush.o)
                0x000000000200da84                alt_icache_flush
 .text          0x000000000200db10       0x14 d:/altera/14.0/nios2eds/bin/gnu/h-x86_64-mingw32/bin/../lib/gcc/nios2-elf/4.7.3/../../../../../H-x86_64-mingw32/nios2-elf/lib\libc.a(lib_a-atexit.o)
                0x000000000200db10                atexit
 .text          0x000000000200db24       0x38 d:/altera/14.0/nios2eds/bin/gnu/h-x86_64-mingw32/bin/../lib/gcc/nios2-elf/4.7.3/../../../../../H-x86_64-mingw32/nios2-elf/lib\libc.a(lib_a-exit.o)
                0x000000000200db24                exit
 .text          0x000000000200db5c       0x7c d:/altera/14.0/nios2eds/bin/gnu/h-x86_64-mingw32/bin/../lib/gcc/nios2-elf/4.7.3/../../../../../H-x86_64-mingw32/nios2-elf/lib\libc.a(lib_a-memcmp.o)
                0x000000000200db5c                memcmp
 .text          0x000000000200dbd8      0x130 d:/altera/14.0/nios2eds/bin/gnu/h-x86_64-mingw32/bin/../lib/gcc/nios2-elf/4.7.3/../../../../../H-x86_64-mingw32/nios2-elf/lib\libc.a(lib_a-__atexit.o)
                0x000000000200dbd8                __register_exitproc
 .text          0x000000000200dd08      0x1a0 d:/altera/14.0/nios2eds/bin/gnu/h-x86_64-mingw32/bin/../lib/gcc/nios2-elf/4.7.3/../../../../../H-x86_64-mingw32/nios2-elf/lib\libc.a(lib_a-__call_atexit.o)
                0x000000000200dd08                __call_exitprocs
 .text          0x000000000200dea8       0x3c ../red_plus_prognosing_bsp/\libhal_bsp.a(alt_exit.o)
                0x000000000200dea8                _exit
 *(.gnu.warning.*)
 *(.fini)
                0x000000000200dee4                PROVIDE (__etext, ABSOLUTE (.))
                0x000000000200dee4                PROVIDE (_etext, ABSOLUTE (.))
                0x000000000200dee4                PROVIDE (etext, ABSOLUTE (.))
 *(.eh_frame_hdr)
                0x000000000200dee4                . = ALIGN (0x4)
                0x000000000200dee4                PROVIDE (__preinit_array_start, ABSOLUTE (.))
 *(.preinit_array)
                0x000000000200dee4                PROVIDE (__preinit_array_end, ABSOLUTE (.))
                0x000000000200dee4                PROVIDE (__init_array_start, ABSOLUTE (.))
 *(.init_array)
                0x000000000200dee4                PROVIDE (__init_array_end, ABSOLUTE (.))
                0x000000000200dee4                PROVIDE (__fini_array_start, ABSOLUTE (.))
 *(.fini_array)
                0x000000000200dee4                PROVIDE (__fini_array_end, ABSOLUTE (.))
 *(.eh_frame)
 *(.gcc_except_table .gcc_except_table.*)
 *(.dynamic)
                0x000000000200dee4                PROVIDE (__CTOR_LIST__, ABSOLUTE (.))
 *(.ctors)
 *(SORT(.ctors.*))
                0x000000000200dee4                PROVIDE (__CTOR_END__, ABSOLUTE (.))
                0x000000000200dee4                PROVIDE (__DTOR_LIST__, ABSOLUTE (.))
 *(.dtors)
 *(SORT(.dtors.*))
                0x000000000200dee4                PROVIDE (__DTOR_END__, ABSOLUTE (.))
 *(.jcr)
                0x000000000200dee4                . = ALIGN (0x4)

.rodata         0x000000000200dee4    0x10478
                0x000000000200dee4                PROVIDE (__ram_rodata_start, ABSOLUTE (.))
                0x000000000200dee4                . = ALIGN (0x4)
 *(.rodata .rodata.* .gnu.linkonce.r.*)
 .rodata        0x000000000200dee4    0x10158 obj/default/red_plus_main.o
                0x000000000200dee4                gImage_scr01
                0x0000000002015ee4                gImage_83gr
 .rodata        0x000000000201e03c       0x14 d:/altera/14.0/nios2eds/bin/gnu/h-x86_64-mingw32/bin/../lib/gcc/nios2-elf/4.7.3\libgcc.a(_thenan_df.o)
                0x000000000201e03c                __thenan_df
 .rodata.str1.4
                0x000000000201e050        0x2 d:/altera/14.0/nios2eds/bin/gnu/h-x86_64-mingw32/bin/../lib/gcc/nios2-elf/4.7.3/../../../../../H-x86_64-mingw32/nios2-elf/lib\libc.a(lib_a-puts.o)
                                          0x4 (size before relaxing)
 *fill*         0x000000000201e052        0x2 
 .rodata.str1.4
                0x000000000201e054       0x42 d:/altera/14.0/nios2eds/bin/gnu/h-x86_64-mingw32/bin/../lib/gcc/nios2-elf/4.7.3/../../../../../H-x86_64-mingw32/nios2-elf/lib\libc.a(lib_a-vfprintf.o)
                                         0x44 (size before relaxing)
 .rodata        0x000000000201e096       0x20 d:/altera/14.0/nios2eds/bin/gnu/h-x86_64-mingw32/bin/../lib/gcc/nios2-elf/4.7.3/../../../../../H-x86_64-mingw32/nios2-elf/lib\libc.a(lib_a-vfprintf.o)
 *fill*         0x000000000201e0b6        0x2 
 .rodata.str1.4
                0x000000000201e0b8       0x10 d:/altera/14.0/nios2eds/bin/gnu/h-x86_64-mingw32/bin/../lib/gcc/nios2-elf/4.7.3/../../../../../H-x86_64-mingw32/nios2-elf/lib\libc.a(lib_a-dtoa.o)
                                         0x14 (size before relaxing)
 .rodata.str1.4
                0x000000000201e0c8        0x2 d:/altera/14.0/nios2eds/bin/gnu/h-x86_64-mingw32/bin/../lib/gcc/nios2-elf/4.7.3/../../../../../H-x86_64-mingw32/nios2-elf/lib\libc.a(lib_a-impure.o)
                                          0x4 (size before relaxing)
 *fill*         0x000000000201e0ca        0x2 
 .rodata.str1.4
                0x000000000201e0cc       0x10 d:/altera/14.0/nios2eds/bin/gnu/h-x86_64-mingw32/bin/../lib/gcc/nios2-elf/4.7.3/../../../../../H-x86_64-mingw32/nios2-elf/lib\libc.a(lib_a-locale.o)
                                         0x18 (size before relaxing)
 .rodata        0x000000000201e0dc       0x30 d:/altera/14.0/nios2eds/bin/gnu/h-x86_64-mingw32/bin/../lib/gcc/nios2-elf/4.7.3/../../../../../H-x86_64-mingw32/nios2-elf/lib\libc.a(lib_a-locale.o)
 .rodata        0x000000000201e10c      0x124 d:/altera/14.0/nios2eds/bin/gnu/h-x86_64-mingw32/bin/../lib/gcc/nios2-elf/4.7.3/../../../../../H-x86_64-mingw32/nios2-elf/lib\libc.a(lib_a-mprec.o)
                0x000000000201e10c                __mprec_tinytens
                0x000000000201e134                __mprec_bigtens
                0x000000000201e15c                __mprec_tens
 .rodata        0x000000000201e230      0x100 d:/altera/14.0/nios2eds/bin/gnu/h-x86_64-mingw32/bin/../lib/gcc/nios2-elf/4.7.3\libgcc.a(_clz.o)
                0x000000000201e230                __clz_tab
 .rodata        0x000000000201e330        0xc ../red_plus_prognosing_bsp/\libhal_bsp.a(alt_dev.o)
 .rodata        0x000000000201e33c       0x10 ../red_plus_prognosing_bsp/\libhal_bsp.a(alt_main.o)
 .rodata        0x000000000201e34c       0x10 ../red_plus_prognosing_bsp/\libhal_bsp.a(alt_sys_init.o)
 *(.rodata1)
                0x000000000201e35c                . = ALIGN (0x4)
                0x000000000201e35c                PROVIDE (__ram_rodata_end, ABSOLUTE (.))
                0x000000000200dee4                PROVIDE (__flash_rodata_start, LOADADDR (.rodata))

.rwdata         0x000000000201e35c     0x213c load address 0x0000000002020498
                0x000000000201e35c                PROVIDE (__ram_rwdata_start, ABSOLUTE (.))
                0x000000000201e35c                . = ALIGN (0x4)
 *(.got.plt)
 *(.got)
 *(.data1)
 *(.data .data.* .gnu.linkonce.d.*)
 .data          0x000000000201e35c        0x0 ../red_plus_prognosing_bsp//obj/HAL/src/crt0.o
 .data          0x000000000201e35c        0x0 obj/default/.metadata/.plugins/org.eclipse.cdt.make.core/specs.o
 .data          0x000000000201e35c      0x5f0 obj/default/LCD.o
                0x000000000201e35c                english
 .data          0x000000000201e94c        0x0 obj/default/SCCB.o
 .data          0x000000000201e94c        0x0 obj/default/delay.o
 .data          0x000000000201e94c       0xf2 obj/default/ov7660.o
                0x000000000201e94c                change_reg
 .data          0x000000000201ea3e        0x0 obj/default/red_plus_main.o
 .data          0x000000000201ea3e        0x0 obj/default/.metadata/.plugins/org.eclipse.cdt.make.core/specs.o
 .data          0x000000000201ea3e        0x0 d:/altera/14.0/nios2eds/bin/gnu/h-x86_64-mingw32/bin/../lib/gcc/nios2-elf/4.7.3/../../../../../H-x86_64-mingw32/nios2-elf/lib\libm.a(lib_a-sf_isnanf.o)
 .data          0x000000000201ea3e        0x0 d:/altera/14.0/nios2eds/bin/gnu/h-x86_64-mingw32/bin/../lib/gcc/nios2-elf/4.7.3\libgcc.a(_sf_to_df.o)
 .data          0x000000000201ea3e        0x0 d:/altera/14.0/nios2eds/bin/gnu/h-x86_64-mingw32/bin/../lib/gcc/nios2-elf/4.7.3\libgcc.a(_addsub_df.o)
 .data          0x000000000201ea3e        0x0 d:/altera/14.0/nios2eds/bin/gnu/h-x86_64-mingw32/bin/../lib/gcc/nios2-elf/4.7.3\libgcc.a(_mul_df.o)
 .data          0x000000000201ea3e        0x0 d:/altera/14.0/nios2eds/bin/gnu/h-x86_64-mingw32/bin/../lib/gcc/nios2-elf/4.7.3\libgcc.a(_ge_df.o)
 .data          0x000000000201ea3e        0x0 d:/altera/14.0/nios2eds/bin/gnu/h-x86_64-mingw32/bin/../lib/gcc/nios2-elf/4.7.3\libgcc.a(_le_df.o)
 .data          0x000000000201ea3e        0x0 d:/altera/14.0/nios2eds/bin/gnu/h-x86_64-mingw32/bin/../lib/gcc/nios2-elf/4.7.3\libgcc.a(_make_df.o)
 .data          0x000000000201ea3e        0x0 d:/altera/14.0/nios2eds/bin/gnu/h-x86_64-mingw32/bin/../lib/gcc/nios2-elf/4.7.3\libgcc.a(_df_to_sf.o)
 .data          0x000000000201ea3e        0x0 d:/altera/14.0/nios2eds/bin/gnu/h-x86_64-mingw32/bin/../lib/gcc/nios2-elf/4.7.3\libgcc.a(_thenan_df.o)
 .data          0x000000000201ea3e        0x0 d:/altera/14.0/nios2eds/bin/gnu/h-x86_64-mingw32/bin/../lib/gcc/nios2-elf/4.7.3\libgcc.a(_muldi3.o)
 .data          0x000000000201ea3e        0x0 d:/altera/14.0/nios2eds/bin/gnu/h-x86_64-mingw32/bin/../lib/gcc/nios2-elf/4.7.3\libgcc.a(_unpack_sf.o)
 .data          0x000000000201ea3e        0x0 d:/altera/14.0/nios2eds/bin/gnu/h-x86_64-mingw32/bin/../lib/gcc/nios2-elf/4.7.3\libgcc.a(_make_sf.o)
 .data          0x000000000201ea3e        0x0 d:/altera/14.0/nios2eds/bin/gnu/h-x86_64-mingw32/bin/../lib/gcc/nios2-elf/4.7.3\libgcc.a(_pack_df.o)
 .data          0x000000000201ea3e        0x0 d:/altera/14.0/nios2eds/bin/gnu/h-x86_64-mingw32/bin/../lib/gcc/nios2-elf/4.7.3\libgcc.a(_unpack_df.o)
 .data          0x000000000201ea3e        0x0 d:/altera/14.0/nios2eds/bin/gnu/h-x86_64-mingw32/bin/../lib/gcc/nios2-elf/4.7.3\libgcc.a(_fpcmp_parts_df.o)
 .data          0x000000000201ea3e        0x0 d:/altera/14.0/nios2eds/bin/gnu/h-x86_64-mingw32/bin/../lib/gcc/nios2-elf/4.7.3\libgcc.a(_lshrdi3.o)
 .data          0x000000000201ea3e        0x0 d:/altera/14.0/nios2eds/bin/gnu/h-x86_64-mingw32/bin/../lib/gcc/nios2-elf/4.7.3\libgcc.a(_ashldi3.o)
 .data          0x000000000201ea3e        0x0 d:/altera/14.0/nios2eds/bin/gnu/h-x86_64-mingw32/bin/../lib/gcc/nios2-elf/4.7.3\libgcc.a(_pack_sf.o)
 .data          0x000000000201ea3e        0x0 d:/altera/14.0/nios2eds/bin/gnu/h-x86_64-mingw32/bin/../lib/gcc/nios2-elf/4.7.3/../../../../../H-x86_64-mingw32/nios2-elf/lib\libc.a(lib_a-printf.o)
 .data          0x000000000201ea3e        0x0 d:/altera/14.0/nios2eds/bin/gnu/h-x86_64-mingw32/bin/../lib/gcc/nios2-elf/4.7.3/../../../../../H-x86_64-mingw32/nios2-elf/lib\libc.a(lib_a-puts.o)
 .data          0x000000000201ea3e        0x0 d:/altera/14.0/nios2eds/bin/gnu/h-x86_64-mingw32/bin/../lib/gcc/nios2-elf/4.7.3/../../../../../H-x86_64-mingw32/nios2-elf/lib\libc.a(lib_a-sprintf.o)
 .data          0x000000000201ea3e        0x0 d:/altera/14.0/nios2eds/bin/gnu/h-x86_64-mingw32/bin/../lib/gcc/nios2-elf/4.7.3/../../../../../H-x86_64-mingw32/nios2-elf/lib\libc.a(lib_a-strlen.o)
 .data          0x000000000201ea3e        0x0 d:/altera/14.0/nios2eds/bin/gnu/h-x86_64-mingw32/bin/../lib/gcc/nios2-elf/4.7.3/../../../../../H-x86_64-mingw32/nios2-elf/lib\libc.a(lib_a-vfprintf.o)
 .data          0x000000000201ea3e        0x0 d:/altera/14.0/nios2eds/bin/gnu/h-x86_64-mingw32/bin/../lib/gcc/nios2-elf/4.7.3/../../../../../H-x86_64-mingw32/nios2-elf/lib\libc.a(lib_a-wsetup.o)
 .data          0x000000000201ea3e        0x0 d:/altera/14.0/nios2eds/bin/gnu/h-x86_64-mingw32/bin/../lib/gcc/nios2-elf/4.7.3/../../../../../H-x86_64-mingw32/nios2-elf/lib\libc.a(lib_a-dtoa.o)
 .data          0x000000000201ea3e        0x0 d:/altera/14.0/nios2eds/bin/gnu/h-x86_64-mingw32/bin/../lib/gcc/nios2-elf/4.7.3/../../../../../H-x86_64-mingw32/nios2-elf/lib\libc.a(lib_a-fflush.o)
 .data          0x000000000201ea3e        0x0 d:/altera/14.0/nios2eds/bin/gnu/h-x86_64-mingw32/bin/../lib/gcc/nios2-elf/4.7.3/../../../../../H-x86_64-mingw32/nios2-elf/lib\libc.a(lib_a-findfp.o)
 .data          0x000000000201ea3e        0x0 d:/altera/14.0/nios2eds/bin/gnu/h-x86_64-mingw32/bin/../lib/gcc/nios2-elf/4.7.3/../../../../../H-x86_64-mingw32/nios2-elf/lib\libc.a(lib_a-freer.o)
 .data          0x000000000201ea3e        0x0 d:/altera/14.0/nios2eds/bin/gnu/h-x86_64-mingw32/bin/../lib/gcc/nios2-elf/4.7.3/../../../../../H-x86_64-mingw32/nios2-elf/lib\libc.a(lib_a-fvwrite.o)
 .data          0x000000000201ea3e        0x0 d:/altera/14.0/nios2eds/bin/gnu/h-x86_64-mingw32/bin/../lib/gcc/nios2-elf/4.7.3/../../../../../H-x86_64-mingw32/nios2-elf/lib\libc.a(lib_a-fwalk.o)
 *fill*         0x000000000201ea3e        0x2 
 .data          0x000000000201ea40      0x400 d:/altera/14.0/nios2eds/bin/gnu/h-x86_64-mingw32/bin/../lib/gcc/nios2-elf/4.7.3/../../../../../H-x86_64-mingw32/nios2-elf/lib\libc.a(lib_a-impure.o)
 .data          0x000000000201ee40        0xc d:/altera/14.0/nios2eds/bin/gnu/h-x86_64-mingw32/bin/../lib/gcc/nios2-elf/4.7.3/../../../../../H-x86_64-mingw32/nios2-elf/lib\libc.a(lib_a-locale.o)
                0x000000000201ee40                __lc_ctype
 .data          0x000000000201ee4c        0x0 d:/altera/14.0/nios2eds/bin/gnu/h-x86_64-mingw32/bin/../lib/gcc/nios2-elf/4.7.3/../../../../../H-x86_64-mingw32/nios2-elf/lib\libc.a(lib_a-makebuf.o)
 .data          0x000000000201ee4c      0x408 d:/altera/14.0/nios2eds/bin/gnu/h-x86_64-mingw32/bin/../lib/gcc/nios2-elf/4.7.3/../../../../../H-x86_64-mingw32/nios2-elf/lib\libc.a(lib_a-mallocr.o)
                0x000000000201ee4c                __malloc_av_
 .data          0x000000000201f254        0x0 d:/altera/14.0/nios2eds/bin/gnu/h-x86_64-mingw32/bin/../lib/gcc/nios2-elf/4.7.3/../../../../../H-x86_64-mingw32/nios2-elf/lib\libc.a(lib_a-memchr.o)
 .data          0x000000000201f254        0x0 d:/altera/14.0/nios2eds/bin/gnu/h-x86_64-mingw32/bin/../lib/gcc/nios2-elf/4.7.3/../../../../../H-x86_64-mingw32/nios2-elf/lib\libc.a(lib_a-memcpy.o)
 .data          0x000000000201f254        0x0 d:/altera/14.0/nios2eds/bin/gnu/h-x86_64-mingw32/bin/../lib/gcc/nios2-elf/4.7.3/../../../../../H-x86_64-mingw32/nios2-elf/lib\libc.a(lib_a-memmove.o)
 .data          0x000000000201f254        0x0 d:/altera/14.0/nios2eds/bin/gnu/h-x86_64-mingw32/bin/../lib/gcc/nios2-elf/4.7.3/../../../../../H-x86_64-mingw32/nios2-elf/lib\libc.a(lib_a-memset.o)
 .data          0x000000000201f254        0x0 d:/altera/14.0/nios2eds/bin/gnu/h-x86_64-mingw32/bin/../lib/gcc/nios2-elf/4.7.3/../../../../../H-x86_64-mingw32/nios2-elf/lib\libc.a(lib_a-mprec.o)
 .data          0x000000000201f254        0x0 d:/altera/14.0/nios2eds/bin/gnu/h-x86_64-mingw32/bin/../lib/gcc/nios2-elf/4.7.3/../../../../../H-x86_64-mingw32/nios2-elf/lib\libc.a(lib_a-reallocr.o)
 .data          0x000000000201f254        0x0 d:/altera/14.0/nios2eds/bin/gnu/h-x86_64-mingw32/bin/../lib/gcc/nios2-elf/4.7.3/../../../../../H-x86_64-mingw32/nios2-elf/lib\libc.a(lib_a-s_isinfd.o)
 .data          0x000000000201f254        0x0 d:/altera/14.0/nios2eds/bin/gnu/h-x86_64-mingw32/bin/../lib/gcc/nios2-elf/4.7.3/../../../../../H-x86_64-mingw32/nios2-elf/lib\libc.a(lib_a-s_isnand.o)
 .data          0x000000000201f254        0x0 d:/altera/14.0/nios2eds/bin/gnu/h-x86_64-mingw32/bin/../lib/gcc/nios2-elf/4.7.3/../../../../../H-x86_64-mingw32/nios2-elf/lib\libc.a(lib_a-sbrkr.o)
 .data          0x000000000201f254        0x0 d:/altera/14.0/nios2eds/bin/gnu/h-x86_64-mingw32/bin/../lib/gcc/nios2-elf/4.7.3/../../../../../H-x86_64-mingw32/nios2-elf/lib\libc.a(lib_a-stdio.o)
 .data          0x000000000201f254        0x0 d:/altera/14.0/nios2eds/bin/gnu/h-x86_64-mingw32/bin/../lib/gcc/nios2-elf/4.7.3/../../../../../H-x86_64-mingw32/nios2-elf/lib\libc.a(lib_a-strcmp.o)
 .data          0x000000000201f254        0x0 d:/altera/14.0/nios2eds/bin/gnu/h-x86_64-mingw32/bin/../lib/gcc/nios2-elf/4.7.3/../../../../../H-x86_64-mingw32/nios2-elf/lib\libc.a(lib_a-writer.o)
 .data          0x000000000201f254        0x0 d:/altera/14.0/nios2eds/bin/gnu/h-x86_64-mingw32/bin/../lib/gcc/nios2-elf/4.7.3/../../../../../H-x86_64-mingw32/nios2-elf/lib\libc.a(lib_a-callocr.o)
 .data          0x000000000201f254        0x0 d:/altera/14.0/nios2eds/bin/gnu/h-x86_64-mingw32/bin/../lib/gcc/nios2-elf/4.7.3/../../../../../H-x86_64-mingw32/nios2-elf/lib\libc.a(lib_a-closer.o)
 .data          0x000000000201f254        0x0 d:/altera/14.0/nios2eds/bin/gnu/h-x86_64-mingw32/bin/../lib/gcc/nios2-elf/4.7.3/../../../../../H-x86_64-mingw32/nios2-elf/lib\libc.a(lib_a-fclose.o)
 .data          0x000000000201f254        0x0 d:/altera/14.0/nios2eds/bin/gnu/h-x86_64-mingw32/bin/../lib/gcc/nios2-elf/4.7.3/../../../../../H-x86_64-mingw32/nios2-elf/lib\libc.a(lib_a-fstatr.o)
 .data          0x000000000201f254        0x0 d:/altera/14.0/nios2eds/bin/gnu/h-x86_64-mingw32/bin/../lib/gcc/nios2-elf/4.7.3/../../../../../H-x86_64-mingw32/nios2-elf/lib\libc.a(lib_a-int_errno.o)
 .data          0x000000000201f254        0x0 d:/altera/14.0/nios2eds/bin/gnu/h-x86_64-mingw32/bin/../lib/gcc/nios2-elf/4.7.3/../../../../../H-x86_64-mingw32/nios2-elf/lib\libc.a(lib_a-isattyr.o)
 .data          0x000000000201f254        0x0 d:/altera/14.0/nios2eds/bin/gnu/h-x86_64-mingw32/bin/../lib/gcc/nios2-elf/4.7.3/../../../../../H-x86_64-mingw32/nios2-elf/lib\libc.a(lib_a-lseekr.o)
 .data          0x000000000201f254        0x0 d:/altera/14.0/nios2eds/bin/gnu/h-x86_64-mingw32/bin/../lib/gcc/nios2-elf/4.7.3/../../../../../H-x86_64-mingw32/nios2-elf/lib\libc.a(lib_a-readr.o)
 .data          0x000000000201f254        0x0 d:/altera/14.0/nios2eds/bin/gnu/h-x86_64-mingw32/bin/../lib/gcc/nios2-elf/4.7.3\libgcc.a(_udivdi3.o)
 .data          0x000000000201f254        0x0 d:/altera/14.0/nios2eds/bin/gnu/h-x86_64-mingw32/bin/../lib/gcc/nios2-elf/4.7.3\libgcc.a(_umoddi3.o)
 .data          0x000000000201f254        0x0 d:/altera/14.0/nios2eds/bin/gnu/h-x86_64-mingw32/bin/../lib/gcc/nios2-elf/4.7.3\libgcc.a(_div_df.o)
 .data          0x000000000201f254        0x0 d:/altera/14.0/nios2eds/bin/gnu/h-x86_64-mingw32/bin/../lib/gcc/nios2-elf/4.7.3\libgcc.a(_eq_df.o)
 .data          0x000000000201f254        0x0 d:/altera/14.0/nios2eds/bin/gnu/h-x86_64-mingw32/bin/../lib/gcc/nios2-elf/4.7.3\libgcc.a(_ne_df.o)
 .data          0x000000000201f254        0x0 d:/altera/14.0/nios2eds/bin/gnu/h-x86_64-mingw32/bin/../lib/gcc/nios2-elf/4.7.3\libgcc.a(_gt_df.o)
 .data          0x000000000201f254        0x0 d:/altera/14.0/nios2eds/bin/gnu/h-x86_64-mingw32/bin/../lib/gcc/nios2-elf/4.7.3\libgcc.a(_lt_df.o)
 .data          0x000000000201f254        0x0 d:/altera/14.0/nios2eds/bin/gnu/h-x86_64-mingw32/bin/../lib/gcc/nios2-elf/4.7.3\libgcc.a(_si_to_df.o)
 .data          0x000000000201f254        0x0 d:/altera/14.0/nios2eds/bin/gnu/h-x86_64-mingw32/bin/../lib/gcc/nios2-elf/4.7.3\libgcc.a(_df_to_si.o)
 .data          0x000000000201f254        0x0 d:/altera/14.0/nios2eds/bin/gnu/h-x86_64-mingw32/bin/../lib/gcc/nios2-elf/4.7.3\libgcc.a(_usi_to_df.o)
 .data          0x000000000201f254        0x0 d:/altera/14.0/nios2eds/bin/gnu/h-x86_64-mingw32/bin/../lib/gcc/nios2-elf/4.7.3\libgcc.a(lib2-divmod.o)
 .data          0x000000000201f254        0x0 d:/altera/14.0/nios2eds/bin/gnu/h-x86_64-mingw32/bin/../lib/gcc/nios2-elf/4.7.3\libgcc.a(_clz.o)
 .data          0x000000000201f254        0x0 d:/altera/14.0/nios2eds/bin/gnu/h-x86_64-mingw32/bin/../lib/gcc/nios2-elf/4.7.3\libgcc.a(_clzsi2.o)
 .data          0x000000000201f254        0x0 ../red_plus_prognosing_bsp/\libhal_bsp.a(alt_close.o)
 .data          0x000000000201f254      0x1a8 ../red_plus_prognosing_bsp/\libhal_bsp.a(alt_dev.o)
                0x000000000201f254                alt_dev_null
                0x000000000201f27c                alt_fd_list
 .data          0x000000000201f3fc        0x0 ../red_plus_prognosing_bsp/\libhal_bsp.a(alt_errno.o)
 .data          0x000000000201f3fc        0x0 ../red_plus_prognosing_bsp/\libhal_bsp.a(alt_fstat.o)
 .data          0x000000000201f3fc        0x0 ../red_plus_prognosing_bsp/\libhal_bsp.a(alt_iic.o)
 .data          0x000000000201f3fc        0x0 ../red_plus_prognosing_bsp/\libhal_bsp.a(alt_iic_isr_register.o)
 .data          0x000000000201f3fc        0x0 ../red_plus_prognosing_bsp/\libhal_bsp.a(alt_irq_entry.o)
 .data          0x000000000201f3fc        0x0 ../red_plus_prognosing_bsp/\libhal_bsp.a(alt_irq_handler.o)
 .data          0x000000000201f3fc        0x0 ../red_plus_prognosing_bsp/\libhal_bsp.a(alt_irq_vars.o)
 .data          0x000000000201f3fc        0x0 ../red_plus_prognosing_bsp/\libhal_bsp.a(alt_isatty.o)
 .data          0x000000000201f3fc        0x0 ../red_plus_prognosing_bsp/\libhal_bsp.a(alt_load.o)
 .data          0x000000000201f3fc        0x0 ../red_plus_prognosing_bsp/\libhal_bsp.a(alt_lseek.o)
 .data          0x000000000201f3fc        0x0 ../red_plus_prognosing_bsp/\libhal_bsp.a(alt_main.o)
 .data          0x000000000201f3fc        0x0 ../red_plus_prognosing_bsp/\libhal_bsp.a(alt_malloc_lock.o)
 .data          0x000000000201f3fc        0x0 ../red_plus_prognosing_bsp/\libhal_bsp.a(alt_read.o)
 .data          0x000000000201f3fc        0x0 ../red_plus_prognosing_bsp/\libhal_bsp.a(alt_release_fd.o)
 .data          0x000000000201f3fc        0x0 ../red_plus_prognosing_bsp/\libhal_bsp.a(alt_sbrk.o)
 .data          0x000000000201f3fc        0x0 ../red_plus_prognosing_bsp/\libhal_bsp.a(alt_usleep.o)
 .data          0x000000000201f3fc        0x0 ../red_plus_prognosing_bsp/\libhal_bsp.a(alt_write.o)
 .data          0x000000000201f3fc     0x1060 ../red_plus_prognosing_bsp/\libhal_bsp.a(alt_sys_init.o)
 .data          0x000000000202045c        0x0 ../red_plus_prognosing_bsp/\libhal_bsp.a(altera_avalon_jtag_uart_fd.o)
 .data          0x000000000202045c        0x0 ../red_plus_prognosing_bsp/\libhal_bsp.a(altera_avalon_jtag_uart_init.o)
 .data          0x000000000202045c        0x0 ../red_plus_prognosing_bsp/\libhal_bsp.a(altera_avalon_jtag_uart_ioctl.o)
 .data          0x000000000202045c        0x0 ../red_plus_prognosing_bsp/\libhal_bsp.a(altera_avalon_jtag_uart_read.o)
 .data          0x000000000202045c        0x0 ../red_plus_prognosing_bsp/\libhal_bsp.a(altera_avalon_jtag_uart_write.o)
 .data          0x000000000202045c        0x0 ../red_plus_prognosing_bsp/\libhal_bsp.a(alt_alarm_start.o)
 .data          0x000000000202045c        0x0 ../red_plus_prognosing_bsp/\libhal_bsp.a(alt_busy_sleep.o)
 .data          0x000000000202045c        0x0 ../red_plus_prognosing_bsp/\libhal_bsp.a(alt_dcache_flush_all.o)
 .data          0x000000000202045c        0x0 ../red_plus_prognosing_bsp/\libhal_bsp.a(alt_dev_llist_insert.o)
 .data          0x000000000202045c        0x0 ../red_plus_prognosing_bsp/\libhal_bsp.a(alt_do_ctors.o)
 .data          0x000000000202045c        0x0 ../red_plus_prognosing_bsp/\libhal_bsp.a(alt_do_dtors.o)
 .data          0x000000000202045c        0x0 ../red_plus_prognosing_bsp/\libhal_bsp.a(alt_exception_entry.o)
 .data          0x000000000202045c        0x0 ../red_plus_prognosing_bsp/\libhal_bsp.a(alt_icache_flush_all.o)
 .data          0x000000000202045c        0x0 ../red_plus_prognosing_bsp/\libhal_bsp.a(alt_io_redirect.o)
 .data          0x000000000202045c        0x0 ../red_plus_prognosing_bsp/\libhal_bsp.a(alt_open.o)
 .data          0x000000000202045c        0x0 ../red_plus_prognosing_bsp/\libhal_bsp.a(alt_tick.o)
 .data          0x000000000202045c        0x0 ../red_plus_prognosing_bsp/\libhal_bsp.a(altera_nios2_qsys_irq.o)
 .data          0x000000000202045c        0x0 ../red_plus_prognosing_bsp/\libhal_bsp.a(alt_find_dev.o)
 .data          0x000000000202045c        0x0 ../red_plus_prognosing_bsp/\libhal_bsp.a(alt_find_file.o)
 .data          0x000000000202045c        0x0 ../red_plus_prognosing_bsp/\libhal_bsp.a(alt_get_fd.o)
 .data          0x000000000202045c        0x0 ../red_plus_prognosing_bsp/\libhal_bsp.a(alt_icache_flush.o)
 .data          0x000000000202045c        0x0 d:/altera/14.0/nios2eds/bin/gnu/h-x86_64-mingw32/bin/../lib/gcc/nios2-elf/4.7.3/../../../../../H-x86_64-mingw32/nios2-elf/lib\libc.a(lib_a-atexit.o)
 .data          0x000000000202045c        0x0 d:/altera/14.0/nios2eds/bin/gnu/h-x86_64-mingw32/bin/../lib/gcc/nios2-elf/4.7.3/../../../../../H-x86_64-mingw32/nios2-elf/lib\libc.a(lib_a-exit.o)
 .data          0x000000000202045c        0x0 d:/altera/14.0/nios2eds/bin/gnu/h-x86_64-mingw32/bin/../lib/gcc/nios2-elf/4.7.3/../../../../../H-x86_64-mingw32/nios2-elf/lib\libc.a(lib_a-memcmp.o)
 .data          0x000000000202045c        0x0 d:/altera/14.0/nios2eds/bin/gnu/h-x86_64-mingw32/bin/../lib/gcc/nios2-elf/4.7.3/../../../../../H-x86_64-mingw32/nios2-elf/lib\libc.a(lib_a-__atexit.o)
 .data          0x000000000202045c        0x0 d:/altera/14.0/nios2eds/bin/gnu/h-x86_64-mingw32/bin/../lib/gcc/nios2-elf/4.7.3/../../../../../H-x86_64-mingw32/nios2-elf/lib\libc.a(lib_a-__call_atexit.o)
 .data          0x000000000202045c        0x0 ../red_plus_prognosing_bsp/\libhal_bsp.a(alt_exit.o)
                0x000000000202845c                _gp = ABSOLUTE ((. + 0x8000))
                0x000000000202845c                PROVIDE (gp, _gp)
 *(.rwdata .rwdata.*)
 *(.sdata .sdata.* .gnu.linkonce.s.*)
 .sdata         0x000000000202045c        0x8 d:/altera/14.0/nios2eds/bin/gnu/h-x86_64-mingw32/bin/../lib/gcc/nios2-elf/4.7.3/../../../../../H-x86_64-mingw32/nios2-elf/lib\libc.a(lib_a-impure.o)
                0x000000000202045c                _global_impure_ptr
                0x0000000002020460                _impure_ptr
 .sdata         0x0000000002020464        0x4 d:/altera/14.0/nios2eds/bin/gnu/h-x86_64-mingw32/bin/../lib/gcc/nios2-elf/4.7.3/../../../../../H-x86_64-mingw32/nios2-elf/lib\libc.a(lib_a-locale.o)
                0x0000000002020464                __mb_cur_max
 .sdata         0x0000000002020468        0x8 d:/altera/14.0/nios2eds/bin/gnu/h-x86_64-mingw32/bin/../lib/gcc/nios2-elf/4.7.3/../../../../../H-x86_64-mingw32/nios2-elf/lib\libc.a(lib_a-mallocr.o)
                0x0000000002020468                __malloc_sbrk_base
                0x000000000202046c                __malloc_trim_threshold
 .sdata         0x0000000002020470       0x14 ../red_plus_prognosing_bsp/\libhal_bsp.a(alt_dev.o)
                0x0000000002020470                alt_fs_list
                0x0000000002020478                alt_dev_list
                0x0000000002020480                alt_max_fd
 .sdata         0x0000000002020484        0x4 ../red_plus_prognosing_bsp/\libhal_bsp.a(alt_errno.o)
                0x0000000002020484                alt_errno
 .sdata         0x0000000002020488        0x4 ../red_plus_prognosing_bsp/\libhal_bsp.a(alt_irq_vars.o)
                0x0000000002020488                alt_priority_mask
 .sdata         0x000000000202048c        0x4 ../red_plus_prognosing_bsp/\libhal_bsp.a(alt_sbrk.o)
 .sdata         0x0000000002020490        0x8 ../red_plus_prognosing_bsp/\libhal_bsp.a(alt_tick.o)
                0x0000000002020490                alt_alarm_list
 *(.sdata2 .sdata2.* .gnu.linkonce.s2.*)
                0x0000000002020498                . = ALIGN (0x4)
                0x0000000002020498                _edata = ABSOLUTE (.)
                0x0000000002020498                PROVIDE (edata, ABSOLUTE (.))
                0x0000000002020498                PROVIDE (__ram_rwdata_end, ABSOLUTE (.))
                0x0000000002020498                PROVIDE (__flash_rwdata_start, LOADADDR (.rwdata))

.bss            0x00000000020225d4    0x4b35c
                0x00000000020225d4                __bss_start = ABSOLUTE (.)
                0x00000000020225d4                PROVIDE (__sbss_start, ABSOLUTE (.))
                0x00000000020225d4                PROVIDE (___sbss_start, ABSOLUTE (.))
 *(.dynsbss)
 *(.sbss .sbss.* .gnu.linkonce.sb.*)
 .sbss          0x00000000020225d4       0x16 obj/default/LCD.o
                0x00000000020225d4                m_pgrayimage2
                0x00000000020225d8                m_ptemplate
                0x00000000020225dc                m_pdiffimage
                0x00000000020225e0                m_pgrayimage1
                0x00000000020225e4                m_pbackground
                0x00000000020225e8                DeviceCode
 *fill*         0x00000000020225ea        0x2 
 .sbss          0x00000000020225ec       0x55 obj/default/red_plus_main.o
                0x00000000020225ec                cadr_count
                0x00000000020225f0                fR
                0x00000000020225f4                edge_capture
                0x00000000020225f8                Rs
                0x00000000020225fc                Rf_in
                0x0000000002022600                Y
                0x0000000002022604                Ys
                0x000000000202260c                fYp
                0x0000000002022610                Xps
                0x0000000002022618                flag_p
                0x000000000202261c                fXp
                0x0000000002022620                Yps
                0x0000000002022628                R
                0x000000000202262c                fY
                0x0000000002022630                fX
                0x0000000002022634                Xs
                0x000000000202263c                X
                0x0000000002022640                value
 *fill*         0x0000000002022641        0x3 
 .sbss          0x0000000002022644        0xc d:/altera/14.0/nios2eds/bin/gnu/h-x86_64-mingw32/bin/../lib/gcc/nios2-elf/4.7.3/../../../../../H-x86_64-mingw32/nios2-elf/lib\libc.a(lib_a-locale.o)
                0x0000000002022644                _PathLocale
                0x0000000002022648                __mlocale_changed
                0x000000000202264c                __nlocale_changed
 .sbss          0x0000000002022650        0xc d:/altera/14.0/nios2eds/bin/gnu/h-x86_64-mingw32/bin/../lib/gcc/nios2-elf/4.7.3/../../../../../H-x86_64-mingw32/nios2-elf/lib\libc.a(lib_a-mallocr.o)
                0x0000000002022650                __malloc_max_total_mem
                0x0000000002022654                __malloc_max_sbrked_mem
                0x0000000002022658                __malloc_top_pad
 .sbss          0x000000000202265c        0x4 d:/altera/14.0/nios2eds/bin/gnu/h-x86_64-mingw32/bin/../lib/gcc/nios2-elf/4.7.3/../../../../../H-x86_64-mingw32/nios2-elf/lib\libc.a(lib_a-int_errno.o)
                0x000000000202265c                errno
 .sbss          0x0000000002022660        0x4 ../red_plus_prognosing_bsp/\libhal_bsp.a(alt_irq_vars.o)
                0x0000000002022660                alt_irq_active
 .sbss          0x0000000002022664        0xc ../red_plus_prognosing_bsp/\libhal_bsp.a(alt_main.o)
                0x0000000002022664                alt_argc
                0x0000000002022668                alt_argv
                0x000000000202266c                alt_envp
 .sbss          0x0000000002022670        0x8 ../red_plus_prognosing_bsp/\libhal_bsp.a(alt_tick.o)
                0x0000000002022670                _alt_tick_rate
                0x0000000002022674                _alt_nticks
 *(.sbss2 .sbss2.* .gnu.linkonce.sb2.*)
 *(.scommon)
                0x0000000002022678                PROVIDE (__sbss_end, ABSOLUTE (.))
                0x0000000002022678                PROVIDE (___sbss_end, ABSOLUTE (.))
 *(.dynbss)
 *(.bss .bss.* .gnu.linkonce.b.*)
 .bss           0x0000000002022678        0x0 ../red_plus_prognosing_bsp//obj/HAL/src/crt0.o
 .bss           0x0000000002022678        0x0 obj/default/.metadata/.plugins/org.eclipse.cdt.make.core/specs.o
 .bss           0x0000000002022678        0x0 obj/default/LCD.o
 .bss           0x0000000002022678        0x0 obj/default/SCCB.o
 .bss           0x0000000002022678        0x0 obj/default/delay.o
 .bss           0x0000000002022678        0x0 obj/default/ov7660.o
 .bss           0x0000000002022678        0x0 obj/default/red_plus_main.o
 .bss           0x0000000002022678        0x0 obj/default/.metadata/.plugins/org.eclipse.cdt.make.core/specs.o
 .bss           0x0000000002022678        0x0 d:/altera/14.0/nios2eds/bin/gnu/h-x86_64-mingw32/bin/../lib/gcc/nios2-elf/4.7.3/../../../../../H-x86_64-mingw32/nios2-elf/lib\libm.a(lib_a-sf_isnanf.o)
 .bss           0x0000000002022678        0x0 d:/altera/14.0/nios2eds/bin/gnu/h-x86_64-mingw32/bin/../lib/gcc/nios2-elf/4.7.3\libgcc.a(_sf_to_df.o)
 .bss           0x0000000002022678        0x0 d:/altera/14.0/nios2eds/bin/gnu/h-x86_64-mingw32/bin/../lib/gcc/nios2-elf/4.7.3\libgcc.a(_addsub_df.o)
 .bss           0x0000000002022678        0x0 d:/altera/14.0/nios2eds/bin/gnu/h-x86_64-mingw32/bin/../lib/gcc/nios2-elf/4.7.3\libgcc.a(_mul_df.o)
 .bss           0x0000000002022678        0x0 d:/altera/14.0/nios2eds/bin/gnu/h-x86_64-mingw32/bin/../lib/gcc/nios2-elf/4.7.3\libgcc.a(_ge_df.o)
 .bss           0x0000000002022678        0x0 d:/altera/14.0/nios2eds/bin/gnu/h-x86_64-mingw32/bin/../lib/gcc/nios2-elf/4.7.3\libgcc.a(_le_df.o)
 .bss           0x0000000002022678        0x0 d:/altera/14.0/nios2eds/bin/gnu/h-x86_64-mingw32/bin/../lib/gcc/nios2-elf/4.7.3\libgcc.a(_make_df.o)
 .bss           0x0000000002022678        0x0 d:/altera/14.0/nios2eds/bin/gnu/h-x86_64-mingw32/bin/../lib/gcc/nios2-elf/4.7.3\libgcc.a(_df_to_sf.o)
 .bss           0x0000000002022678        0x0 d:/altera/14.0/nios2eds/bin/gnu/h-x86_64-mingw32/bin/../lib/gcc/nios2-elf/4.7.3\libgcc.a(_thenan_df.o)
 .bss           0x0000000002022678        0x0 d:/altera/14.0/nios2eds/bin/gnu/h-x86_64-mingw32/bin/../lib/gcc/nios2-elf/4.7.3\libgcc.a(_muldi3.o)
 .bss           0x0000000002022678        0x0 d:/altera/14.0/nios2eds/bin/gnu/h-x86_64-mingw32/bin/../lib/gcc/nios2-elf/4.7.3\libgcc.a(_unpack_sf.o)
 .bss           0x0000000002022678        0x0 d:/altera/14.0/nios2eds/bin/gnu/h-x86_64-mingw32/bin/../lib/gcc/nios2-elf/4.7.3\libgcc.a(_make_sf.o)
 .bss           0x0000000002022678        0x0 d:/altera/14.0/nios2eds/bin/gnu/h-x86_64-mingw32/bin/../lib/gcc/nios2-elf/4.7.3\libgcc.a(_pack_df.o)
 .bss           0x0000000002022678        0x0 d:/altera/14.0/nios2eds/bin/gnu/h-x86_64-mingw32/bin/../lib/gcc/nios2-elf/4.7.3\libgcc.a(_unpack_df.o)
 .bss           0x0000000002022678        0x0 d:/altera/14.0/nios2eds/bin/gnu/h-x86_64-mingw32/bin/../lib/gcc/nios2-elf/4.7.3\libgcc.a(_fpcmp_parts_df.o)
 .bss           0x0000000002022678        0x0 d:/altera/14.0/nios2eds/bin/gnu/h-x86_64-mingw32/bin/../lib/gcc/nios2-elf/4.7.3\libgcc.a(_lshrdi3.o)
 .bss           0x0000000002022678        0x0 d:/altera/14.0/nios2eds/bin/gnu/h-x86_64-mingw32/bin/../lib/gcc/nios2-elf/4.7.3\libgcc.a(_ashldi3.o)
 .bss           0x0000000002022678        0x0 d:/altera/14.0/nios2eds/bin/gnu/h-x86_64-mingw32/bin/../lib/gcc/nios2-elf/4.7.3\libgcc.a(_pack_sf.o)
 .bss           0x0000000002022678        0x0 d:/altera/14.0/nios2eds/bin/gnu/h-x86_64-mingw32/bin/../lib/gcc/nios2-elf/4.7.3/../../../../../H-x86_64-mingw32/nios2-elf/lib\libc.a(lib_a-printf.o)
 .bss           0x0000000002022678        0x0 d:/altera/14.0/nios2eds/bin/gnu/h-x86_64-mingw32/bin/../lib/gcc/nios2-elf/4.7.3/../../../../../H-x86_64-mingw32/nios2-elf/lib\libc.a(lib_a-puts.o)
 .bss           0x0000000002022678        0x0 d:/altera/14.0/nios2eds/bin/gnu/h-x86_64-mingw32/bin/../lib/gcc/nios2-elf/4.7.3/../../../../../H-x86_64-mingw32/nios2-elf/lib\libc.a(lib_a-sprintf.o)
 .bss           0x0000000002022678        0x0 d:/altera/14.0/nios2eds/bin/gnu/h-x86_64-mingw32/bin/../lib/gcc/nios2-elf/4.7.3/../../../../../H-x86_64-mingw32/nios2-elf/lib\libc.a(lib_a-strlen.o)
 .bss           0x0000000002022678        0x0 d:/altera/14.0/nios2eds/bin/gnu/h-x86_64-mingw32/bin/../lib/gcc/nios2-elf/4.7.3/../../../../../H-x86_64-mingw32/nios2-elf/lib\libc.a(lib_a-vfprintf.o)
 .bss           0x0000000002022678        0x0 d:/altera/14.0/nios2eds/bin/gnu/h-x86_64-mingw32/bin/../lib/gcc/nios2-elf/4.7.3/../../../../../H-x86_64-mingw32/nios2-elf/lib\libc.a(lib_a-wsetup.o)
 .bss           0x0000000002022678        0x0 d:/altera/14.0/nios2eds/bin/gnu/h-x86_64-mingw32/bin/../lib/gcc/nios2-elf/4.7.3/../../../../../H-x86_64-mingw32/nios2-elf/lib\libc.a(lib_a-dtoa.o)
 .bss           0x0000000002022678        0x0 d:/altera/14.0/nios2eds/bin/gnu/h-x86_64-mingw32/bin/../lib/gcc/nios2-elf/4.7.3/../../../../../H-x86_64-mingw32/nios2-elf/lib\libc.a(lib_a-fflush.o)
 .bss           0x0000000002022678        0x0 d:/altera/14.0/nios2eds/bin/gnu/h-x86_64-mingw32/bin/../lib/gcc/nios2-elf/4.7.3/../../../../../H-x86_64-mingw32/nios2-elf/lib\libc.a(lib_a-findfp.o)
 .bss           0x0000000002022678        0x0 d:/altera/14.0/nios2eds/bin/gnu/h-x86_64-mingw32/bin/../lib/gcc/nios2-elf/4.7.3/../../../../../H-x86_64-mingw32/nios2-elf/lib\libc.a(lib_a-freer.o)
 .bss           0x0000000002022678        0x0 d:/altera/14.0/nios2eds/bin/gnu/h-x86_64-mingw32/bin/../lib/gcc/nios2-elf/4.7.3/../../../../../H-x86_64-mingw32/nios2-elf/lib\libc.a(lib_a-fvwrite.o)
 .bss           0x0000000002022678        0x0 d:/altera/14.0/nios2eds/bin/gnu/h-x86_64-mingw32/bin/../lib/gcc/nios2-elf/4.7.3/../../../../../H-x86_64-mingw32/nios2-elf/lib\libc.a(lib_a-fwalk.o)
 .bss           0x0000000002022678        0x0 d:/altera/14.0/nios2eds/bin/gnu/h-x86_64-mingw32/bin/../lib/gcc/nios2-elf/4.7.3/../../../../../H-x86_64-mingw32/nios2-elf/lib\libc.a(lib_a-impure.o)
 .bss           0x0000000002022678        0x0 d:/altera/14.0/nios2eds/bin/gnu/h-x86_64-mingw32/bin/../lib/gcc/nios2-elf/4.7.3/../../../../../H-x86_64-mingw32/nios2-elf/lib\libc.a(lib_a-locale.o)
 .bss           0x0000000002022678        0x0 d:/altera/14.0/nios2eds/bin/gnu/h-x86_64-mingw32/bin/../lib/gcc/nios2-elf/4.7.3/../../../../../H-x86_64-mingw32/nios2-elf/lib\libc.a(lib_a-makebuf.o)
 .bss           0x0000000002022678       0x28 d:/altera/14.0/nios2eds/bin/gnu/h-x86_64-mingw32/bin/../lib/gcc/nios2-elf/4.7.3/../../../../../H-x86_64-mingw32/nios2-elf/lib\libc.a(lib_a-mallocr.o)
                0x0000000002022678                __malloc_current_mallinfo
 .bss           0x00000000020226a0        0x0 d:/altera/14.0/nios2eds/bin/gnu/h-x86_64-mingw32/bin/../lib/gcc/nios2-elf/4.7.3/../../../../../H-x86_64-mingw32/nios2-elf/lib\libc.a(lib_a-memchr.o)
 .bss           0x00000000020226a0        0x0 d:/altera/14.0/nios2eds/bin/gnu/h-x86_64-mingw32/bin/../lib/gcc/nios2-elf/4.7.3/../../../../../H-x86_64-mingw32/nios2-elf/lib\libc.a(lib_a-memcpy.o)
 .bss           0x00000000020226a0        0x0 d:/altera/14.0/nios2eds/bin/gnu/h-x86_64-mingw32/bin/../lib/gcc/nios2-elf/4.7.3/../../../../../H-x86_64-mingw32/nios2-elf/lib\libc.a(lib_a-memmove.o)
 .bss           0x00000000020226a0        0x0 d:/altera/14.0/nios2eds/bin/gnu/h-x86_64-mingw32/bin/../lib/gcc/nios2-elf/4.7.3/../../../../../H-x86_64-mingw32/nios2-elf/lib\libc.a(lib_a-memset.o)
 .bss           0x00000000020226a0        0x0 d:/altera/14.0/nios2eds/bin/gnu/h-x86_64-mingw32/bin/../lib/gcc/nios2-elf/4.7.3/../../../../../H-x86_64-mingw32/nios2-elf/lib\libc.a(lib_a-mprec.o)
 .bss           0x00000000020226a0        0x0 d:/altera/14.0/nios2eds/bin/gnu/h-x86_64-mingw32/bin/../lib/gcc/nios2-elf/4.7.3/../../../../../H-x86_64-mingw32/nios2-elf/lib\libc.a(lib_a-reallocr.o)
 .bss           0x00000000020226a0        0x0 d:/altera/14.0/nios2eds/bin/gnu/h-x86_64-mingw32/bin/../lib/gcc/nios2-elf/4.7.3/../../../../../H-x86_64-mingw32/nios2-elf/lib\libc.a(lib_a-s_isinfd.o)
 .bss           0x00000000020226a0        0x0 d:/altera/14.0/nios2eds/bin/gnu/h-x86_64-mingw32/bin/../lib/gcc/nios2-elf/4.7.3/../../../../../H-x86_64-mingw32/nios2-elf/lib\libc.a(lib_a-s_isnand.o)
 .bss           0x00000000020226a0        0x0 d:/altera/14.0/nios2eds/bin/gnu/h-x86_64-mingw32/bin/../lib/gcc/nios2-elf/4.7.3/../../../../../H-x86_64-mingw32/nios2-elf/lib\libc.a(lib_a-sbrkr.o)
 .bss           0x00000000020226a0        0x0 d:/altera/14.0/nios2eds/bin/gnu/h-x86_64-mingw32/bin/../lib/gcc/nios2-elf/4.7.3/../../../../../H-x86_64-mingw32/nios2-elf/lib\libc.a(lib_a-stdio.o)
 .bss           0x00000000020226a0        0x0 d:/altera/14.0/nios2eds/bin/gnu/h-x86_64-mingw32/bin/../lib/gcc/nios2-elf/4.7.3/../../../../../H-x86_64-mingw32/nios2-elf/lib\libc.a(lib_a-strcmp.o)
 .bss           0x00000000020226a0        0x0 d:/altera/14.0/nios2eds/bin/gnu/h-x86_64-mingw32/bin/../lib/gcc/nios2-elf/4.7.3/../../../../../H-x86_64-mingw32/nios2-elf/lib\libc.a(lib_a-writer.o)
 .bss           0x00000000020226a0        0x0 d:/altera/14.0/nios2eds/bin/gnu/h-x86_64-mingw32/bin/../lib/gcc/nios2-elf/4.7.3/../../../../../H-x86_64-mingw32/nios2-elf/lib\libc.a(lib_a-callocr.o)
 .bss           0x00000000020226a0        0x0 d:/altera/14.0/nios2eds/bin/gnu/h-x86_64-mingw32/bin/../lib/gcc/nios2-elf/4.7.3/../../../../../H-x86_64-mingw32/nios2-elf/lib\libc.a(lib_a-closer.o)
 .bss           0x00000000020226a0        0x0 d:/altera/14.0/nios2eds/bin/gnu/h-x86_64-mingw32/bin/../lib/gcc/nios2-elf/4.7.3/../../../../../H-x86_64-mingw32/nios2-elf/lib\libc.a(lib_a-fclose.o)
 .bss           0x00000000020226a0        0x0 d:/altera/14.0/nios2eds/bin/gnu/h-x86_64-mingw32/bin/../lib/gcc/nios2-elf/4.7.3/../../../../../H-x86_64-mingw32/nios2-elf/lib\libc.a(lib_a-fstatr.o)
 .bss           0x00000000020226a0        0x0 d:/altera/14.0/nios2eds/bin/gnu/h-x86_64-mingw32/bin/../lib/gcc/nios2-elf/4.7.3/../../../../../H-x86_64-mingw32/nios2-elf/lib\libc.a(lib_a-int_errno.o)
 .bss           0x00000000020226a0        0x0 d:/altera/14.0/nios2eds/bin/gnu/h-x86_64-mingw32/bin/../lib/gcc/nios2-elf/4.7.3/../../../../../H-x86_64-mingw32/nios2-elf/lib\libc.a(lib_a-isattyr.o)
 .bss           0x00000000020226a0        0x0 d:/altera/14.0/nios2eds/bin/gnu/h-x86_64-mingw32/bin/../lib/gcc/nios2-elf/4.7.3/../../../../../H-x86_64-mingw32/nios2-elf/lib\libc.a(lib_a-lseekr.o)
 .bss           0x00000000020226a0        0x0 d:/altera/14.0/nios2eds/bin/gnu/h-x86_64-mingw32/bin/../lib/gcc/nios2-elf/4.7.3/../../../../../H-x86_64-mingw32/nios2-elf/lib\libc.a(lib_a-readr.o)
 .bss           0x00000000020226a0        0x0 d:/altera/14.0/nios2eds/bin/gnu/h-x86_64-mingw32/bin/../lib/gcc/nios2-elf/4.7.3\libgcc.a(_udivdi3.o)
 .bss           0x00000000020226a0        0x0 d:/altera/14.0/nios2eds/bin/gnu/h-x86_64-mingw32/bin/../lib/gcc/nios2-elf/4.7.3\libgcc.a(_umoddi3.o)
 .bss           0x00000000020226a0        0x0 d:/altera/14.0/nios2eds/bin/gnu/h-x86_64-mingw32/bin/../lib/gcc/nios2-elf/4.7.3\libgcc.a(_div_df.o)
 .bss           0x00000000020226a0        0x0 d:/altera/14.0/nios2eds/bin/gnu/h-x86_64-mingw32/bin/../lib/gcc/nios2-elf/4.7.3\libgcc.a(_eq_df.o)
 .bss           0x00000000020226a0        0x0 d:/altera/14.0/nios2eds/bin/gnu/h-x86_64-mingw32/bin/../lib/gcc/nios2-elf/4.7.3\libgcc.a(_ne_df.o)
 .bss           0x00000000020226a0        0x0 d:/altera/14.0/nios2eds/bin/gnu/h-x86_64-mingw32/bin/../lib/gcc/nios2-elf/4.7.3\libgcc.a(_gt_df.o)
 .bss           0x00000000020226a0        0x0 d:/altera/14.0/nios2eds/bin/gnu/h-x86_64-mingw32/bin/../lib/gcc/nios2-elf/4.7.3\libgcc.a(_lt_df.o)
 .bss           0x00000000020226a0        0x0 d:/altera/14.0/nios2eds/bin/gnu/h-x86_64-mingw32/bin/../lib/gcc/nios2-elf/4.7.3\libgcc.a(_si_to_df.o)
 .bss           0x00000000020226a0        0x0 d:/altera/14.0/nios2eds/bin/gnu/h-x86_64-mingw32/bin/../lib/gcc/nios2-elf/4.7.3\libgcc.a(_df_to_si.o)
 .bss           0x00000000020226a0        0x0 d:/altera/14.0/nios2eds/bin/gnu/h-x86_64-mingw32/bin/../lib/gcc/nios2-elf/4.7.3\libgcc.a(_usi_to_df.o)
 .bss           0x00000000020226a0        0x0 d:/altera/14.0/nios2eds/bin/gnu/h-x86_64-mingw32/bin/../lib/gcc/nios2-elf/4.7.3\libgcc.a(lib2-divmod.o)
 .bss           0x00000000020226a0        0x0 d:/altera/14.0/nios2eds/bin/gnu/h-x86_64-mingw32/bin/../lib/gcc/nios2-elf/4.7.3\libgcc.a(_clz.o)
 .bss           0x00000000020226a0        0x0 d:/altera/14.0/nios2eds/bin/gnu/h-x86_64-mingw32/bin/../lib/gcc/nios2-elf/4.7.3\libgcc.a(_clzsi2.o)
 .bss           0x00000000020226a0        0x0 ../red_plus_prognosing_bsp/\libhal_bsp.a(alt_close.o)
 .bss           0x00000000020226a0        0x0 ../red_plus_prognosing_bsp/\libhal_bsp.a(alt_dev.o)
 .bss           0x00000000020226a0        0x0 ../red_plus_prognosing_bsp/\libhal_bsp.a(alt_errno.o)
 .bss           0x00000000020226a0        0x0 ../red_plus_prognosing_bsp/\libhal_bsp.a(alt_fstat.o)
 .bss           0x00000000020226a0        0x0 ../red_plus_prognosing_bsp/\libhal_bsp.a(alt_iic.o)
 .bss           0x00000000020226a0        0x0 ../red_plus_prognosing_bsp/\libhal_bsp.a(alt_iic_isr_register.o)
 .bss           0x00000000020226a0        0x0 ../red_plus_prognosing_bsp/\libhal_bsp.a(alt_irq_entry.o)
 .bss           0x00000000020226a0        0x0 ../red_plus_prognosing_bsp/\libhal_bsp.a(alt_irq_handler.o)
 .bss           0x00000000020226a0        0x0 ../red_plus_prognosing_bsp/\libhal_bsp.a(alt_irq_vars.o)
 .bss           0x00000000020226a0        0x0 ../red_plus_prognosing_bsp/\libhal_bsp.a(alt_isatty.o)
 .bss           0x00000000020226a0        0x0 ../red_plus_prognosing_bsp/\libhal_bsp.a(alt_load.o)
 .bss           0x00000000020226a0        0x0 ../red_plus_prognosing_bsp/\libhal_bsp.a(alt_lseek.o)
 .bss           0x00000000020226a0        0x0 ../red_plus_prognosing_bsp/\libhal_bsp.a(alt_main.o)
 .bss           0x00000000020226a0        0x0 ../red_plus_prognosing_bsp/\libhal_bsp.a(alt_malloc_lock.o)
 .bss           0x00000000020226a0        0x0 ../red_plus_prognosing_bsp/\libhal_bsp.a(alt_read.o)
 .bss           0x00000000020226a0        0x0 ../red_plus_prognosing_bsp/\libhal_bsp.a(alt_release_fd.o)
 .bss           0x00000000020226a0        0x0 ../red_plus_prognosing_bsp/\libhal_bsp.a(alt_sbrk.o)
 .bss           0x00000000020226a0        0x0 ../red_plus_prognosing_bsp/\libhal_bsp.a(alt_usleep.o)
 .bss           0x00000000020226a0        0x0 ../red_plus_prognosing_bsp/\libhal_bsp.a(alt_write.o)
 .bss           0x00000000020226a0        0x0 ../red_plus_prognosing_bsp/\libhal_bsp.a(alt_sys_init.o)
 .bss           0x00000000020226a0        0x0 ../red_plus_prognosing_bsp/\libhal_bsp.a(altera_avalon_jtag_uart_fd.o)
 .bss           0x00000000020226a0        0x0 ../red_plus_prognosing_bsp/\libhal_bsp.a(altera_avalon_jtag_uart_init.o)
 .bss           0x00000000020226a0        0x0 ../red_plus_prognosing_bsp/\libhal_bsp.a(altera_avalon_jtag_uart_ioctl.o)
 .bss           0x00000000020226a0        0x0 ../red_plus_prognosing_bsp/\libhal_bsp.a(altera_avalon_jtag_uart_read.o)
 .bss           0x00000000020226a0        0x0 ../red_plus_prognosing_bsp/\libhal_bsp.a(altera_avalon_jtag_uart_write.o)
 .bss           0x00000000020226a0        0x0 ../red_plus_prognosing_bsp/\libhal_bsp.a(alt_alarm_start.o)
 .bss           0x00000000020226a0        0x0 ../red_plus_prognosing_bsp/\libhal_bsp.a(alt_busy_sleep.o)
 .bss           0x00000000020226a0        0x0 ../red_plus_prognosing_bsp/\libhal_bsp.a(alt_dcache_flush_all.o)
 .bss           0x00000000020226a0        0x0 ../red_plus_prognosing_bsp/\libhal_bsp.a(alt_dev_llist_insert.o)
 .bss           0x00000000020226a0        0x0 ../red_plus_prognosing_bsp/\libhal_bsp.a(alt_do_ctors.o)
 .bss           0x00000000020226a0        0x0 ../red_plus_prognosing_bsp/\libhal_bsp.a(alt_do_dtors.o)
 .bss           0x00000000020226a0        0x0 ../red_plus_prognosing_bsp/\libhal_bsp.a(alt_exception_entry.o)
 .bss           0x00000000020226a0        0x0 ../red_plus_prognosing_bsp/\libhal_bsp.a(alt_icache_flush_all.o)
 .bss           0x00000000020226a0        0x0 ../red_plus_prognosing_bsp/\libhal_bsp.a(alt_io_redirect.o)
 .bss           0x00000000020226a0        0x0 ../red_plus_prognosing_bsp/\libhal_bsp.a(alt_open.o)
 .bss           0x00000000020226a0        0x0 ../red_plus_prognosing_bsp/\libhal_bsp.a(alt_tick.o)
 .bss           0x00000000020226a0        0x0 ../red_plus_prognosing_bsp/\libhal_bsp.a(altera_nios2_qsys_irq.o)
 .bss           0x00000000020226a0        0x0 ../red_plus_prognosing_bsp/\libhal_bsp.a(alt_find_dev.o)
 .bss           0x00000000020226a0        0x0 ../red_plus_prognosing_bsp/\libhal_bsp.a(alt_find_file.o)
 .bss           0x00000000020226a0        0x0 ../red_plus_prognosing_bsp/\libhal_bsp.a(alt_get_fd.o)
 .bss           0x00000000020226a0        0x0 ../red_plus_prognosing_bsp/\libhal_bsp.a(alt_icache_flush.o)
 .bss           0x00000000020226a0        0x0 d:/altera/14.0/nios2eds/bin/gnu/h-x86_64-mingw32/bin/../lib/gcc/nios2-elf/4.7.3/../../../../../H-x86_64-mingw32/nios2-elf/lib\libc.a(lib_a-atexit.o)
 .bss           0x00000000020226a0        0x0 d:/altera/14.0/nios2eds/bin/gnu/h-x86_64-mingw32/bin/../lib/gcc/nios2-elf/4.7.3/../../../../../H-x86_64-mingw32/nios2-elf/lib\libc.a(lib_a-exit.o)
 .bss           0x00000000020226a0        0x0 d:/altera/14.0/nios2eds/bin/gnu/h-x86_64-mingw32/bin/../lib/gcc/nios2-elf/4.7.3/../../../../../H-x86_64-mingw32/nios2-elf/lib\libc.a(lib_a-memcmp.o)
 .bss           0x00000000020226a0        0x0 d:/altera/14.0/nios2eds/bin/gnu/h-x86_64-mingw32/bin/../lib/gcc/nios2-elf/4.7.3/../../../../../H-x86_64-mingw32/nios2-elf/lib\libc.a(lib_a-__atexit.o)
 .bss           0x00000000020226a0        0x0 d:/altera/14.0/nios2eds/bin/gnu/h-x86_64-mingw32/bin/../lib/gcc/nios2-elf/4.7.3/../../../../../H-x86_64-mingw32/nios2-elf/lib\libc.a(lib_a-__call_atexit.o)
 .bss           0x00000000020226a0        0x0 ../red_plus_prognosing_bsp/\libhal_bsp.a(alt_exit.o)
 *(COMMON)
 COMMON         0x00000000020226a0    0x4b000 obj/default/LCD.o
                0x00000000020226a0                Y2
                0x0000000002047ea0                Y1
 COMMON         0x000000000206d6a0      0x100 ../red_plus_prognosing_bsp/\libhal_bsp.a(alt_irq_handler.o)
                0x000000000206d6a0                alt_irq
 COMMON         0x000000000206d7a0      0x190 d:/altera/14.0/nios2eds/bin/gnu/h-x86_64-mingw32/bin/../lib/gcc/nios2-elf/4.7.3/../../../../../H-x86_64-mingw32/nios2-elf/lib\libc.a(lib_a-atexit.o)
                0x000000000206d7a0                _atexit0
                0x000000000206d930                . = ALIGN (0x4)
                0x000000000206d930                __bss_end = ABSOLUTE (.)

.sdram          0x000000000206d930        0x0
                0x000000000206d930                PROVIDE (_alt_partition_sdram_start, ABSOLUTE (.))
 *(.sdram .sdram. sdram.*)
                0x000000000206d930                . = ALIGN (0x4)
                0x000000000206d930                PROVIDE (_alt_partition_sdram_end, ABSOLUTE (.))
                0x000000000206d930                _end = ABSOLUTE (.)
                0x000000000206d930                end = ABSOLUTE (.)
                0x000000000206d930                __alt_stack_base = ABSOLUTE (.)
                0x000000000206d930                PROVIDE (_alt_partition_sdram_load_addr, LOADADDR (.sdram))

.onchip_memory  0x0000000004001000        0x0 load address 0x000000000206d930
                0x0000000004001000                PROVIDE (_alt_partition_onchip_memory_start, ABSOLUTE (.))
 *(.onchip_memory .onchip_memory. onchip_memory.*)
                0x0000000004001000                . = ALIGN (0x4)
                0x0000000004001000                PROVIDE (_alt_partition_onchip_memory_end, ABSOLUTE (.))
                0x000000000206d930                PROVIDE (_alt_partition_onchip_memory_load_addr, LOADADDR (.onchip_memory))

.stab
 *(.stab)

.stabstr
 *(.stabstr)

.stab.excl
 *(.stab.excl)

.stab.exclstr
 *(.stab.exclstr)

.stab.index
 *(.stab.index)

.stab.indexstr
 *(.stab.indexstr)

.comment        0x0000000000000000       0x23
 *(.comment)
 .comment       0x0000000000000000       0x23 obj/default/.metadata/.plugins/org.eclipse.cdt.make.core/specs.o
                                         0x24 (size before relaxing)
 .comment       0x0000000000000000       0x24 obj/default/LCD.o
 .comment       0x0000000000000000       0x24 obj/default/SCCB.o
 .comment       0x0000000000000000       0x24 obj/default/delay.o
 .comment       0x0000000000000000       0x24 obj/default/ov7660.o
 .comment       0x0000000000000000       0x24 obj/default/red_plus_main.o
 .comment       0x0000000000000000       0x24 obj/default/.metadata/.plugins/org.eclipse.cdt.make.core/specs.o
 .comment       0x0000000000000000       0x24 d:/altera/14.0/nios2eds/bin/gnu/h-x86_64-mingw32/bin/../lib/gcc/nios2-elf/4.7.3/../../../../../H-x86_64-mingw32/nios2-elf/lib\libm.a(lib_a-sf_isnanf.o)
 .comment       0x0000000000000000       0x24 d:/altera/14.0/nios2eds/bin/gnu/h-x86_64-mingw32/bin/../lib/gcc/nios2-elf/4.7.3\libgcc.a(_sf_to_df.o)
 .comment       0x0000000000000000       0x24 d:/altera/14.0/nios2eds/bin/gnu/h-x86_64-mingw32/bin/../lib/gcc/nios2-elf/4.7.3\libgcc.a(_addsub_df.o)
 .comment       0x0000000000000000       0x24 d:/altera/14.0/nios2eds/bin/gnu/h-x86_64-mingw32/bin/../lib/gcc/nios2-elf/4.7.3\libgcc.a(_mul_df.o)
 .comment       0x0000000000000000       0x24 d:/altera/14.0/nios2eds/bin/gnu/h-x86_64-mingw32/bin/../lib/gcc/nios2-elf/4.7.3\libgcc.a(_ge_df.o)
 .comment       0x0000000000000000       0x24 d:/altera/14.0/nios2eds/bin/gnu/h-x86_64-mingw32/bin/../lib/gcc/nios2-elf/4.7.3\libgcc.a(_le_df.o)
 .comment       0x0000000000000000       0x24 d:/altera/14.0/nios2eds/bin/gnu/h-x86_64-mingw32/bin/../lib/gcc/nios2-elf/4.7.3\libgcc.a(_make_df.o)
 .comment       0x0000000000000000       0x24 d:/altera/14.0/nios2eds/bin/gnu/h-x86_64-mingw32/bin/../lib/gcc/nios2-elf/4.7.3\libgcc.a(_df_to_sf.o)
 .comment       0x0000000000000000       0x24 d:/altera/14.0/nios2eds/bin/gnu/h-x86_64-mingw32/bin/../lib/gcc/nios2-elf/4.7.3\libgcc.a(_thenan_df.o)
 .comment       0x0000000000000000       0x24 d:/altera/14.0/nios2eds/bin/gnu/h-x86_64-mingw32/bin/../lib/gcc/nios2-elf/4.7.3\libgcc.a(_muldi3.o)
 .comment       0x0000000000000000       0x24 d:/altera/14.0/nios2eds/bin/gnu/h-x86_64-mingw32/bin/../lib/gcc/nios2-elf/4.7.3\libgcc.a(_unpack_sf.o)
 .comment       0x0000000000000000       0x24 d:/altera/14.0/nios2eds/bin/gnu/h-x86_64-mingw32/bin/../lib/gcc/nios2-elf/4.7.3\libgcc.a(_make_sf.o)
 .comment       0x0000000000000000       0x24 d:/altera/14.0/nios2eds/bin/gnu/h-x86_64-mingw32/bin/../lib/gcc/nios2-elf/4.7.3\libgcc.a(_pack_df.o)
 .comment       0x0000000000000000       0x24 d:/altera/14.0/nios2eds/bin/gnu/h-x86_64-mingw32/bin/../lib/gcc/nios2-elf/4.7.3\libgcc.a(_unpack_df.o)
 .comment       0x0000000000000000       0x24 d:/altera/14.0/nios2eds/bin/gnu/h-x86_64-mingw32/bin/../lib/gcc/nios2-elf/4.7.3\libgcc.a(_fpcmp_parts_df.o)
 .comment       0x0000000000000000       0x24 d:/altera/14.0/nios2eds/bin/gnu/h-x86_64-mingw32/bin/../lib/gcc/nios2-elf/4.7.3\libgcc.a(_lshrdi3.o)
 .comment       0x0000000000000000       0x24 d:/altera/14.0/nios2eds/bin/gnu/h-x86_64-mingw32/bin/../lib/gcc/nios2-elf/4.7.3\libgcc.a(_ashldi3.o)
 .comment       0x0000000000000000       0x24 d:/altera/14.0/nios2eds/bin/gnu/h-x86_64-mingw32/bin/../lib/gcc/nios2-elf/4.7.3\libgcc.a(_pack_sf.o)
 .comment       0x0000000000000000       0x24 d:/altera/14.0/nios2eds/bin/gnu/h-x86_64-mingw32/bin/../lib/gcc/nios2-elf/4.7.3/../../../../../H-x86_64-mingw32/nios2-elf/lib\libc.a(lib_a-printf.o)
 .comment       0x0000000000000000       0x24 d:/altera/14.0/nios2eds/bin/gnu/h-x86_64-mingw32/bin/../lib/gcc/nios2-elf/4.7.3/../../../../../H-x86_64-mingw32/nios2-elf/lib\libc.a(lib_a-puts.o)
 .comment       0x0000000000000000       0x24 d:/altera/14.0/nios2eds/bin/gnu/h-x86_64-mingw32/bin/../lib/gcc/nios2-elf/4.7.3/../../../../../H-x86_64-mingw32/nios2-elf/lib\libc.a(lib_a-sprintf.o)
 .comment       0x0000000000000000       0x24 d:/altera/14.0/nios2eds/bin/gnu/h-x86_64-mingw32/bin/../lib/gcc/nios2-elf/4.7.3/../../../../../H-x86_64-mingw32/nios2-elf/lib\libc.a(lib_a-strlen.o)
 .comment       0x0000000000000000       0x24 d:/altera/14.0/nios2eds/bin/gnu/h-x86_64-mingw32/bin/../lib/gcc/nios2-elf/4.7.3/../../../../../H-x86_64-mingw32/nios2-elf/lib\libc.a(lib_a-vfprintf.o)
 .comment       0x0000000000000000       0x24 d:/altera/14.0/nios2eds/bin/gnu/h-x86_64-mingw32/bin/../lib/gcc/nios2-elf/4.7.3/../../../../../H-x86_64-mingw32/nios2-elf/lib\libc.a(lib_a-wsetup.o)
 .comment       0x0000000000000000       0x24 d:/altera/14.0/nios2eds/bin/gnu/h-x86_64-mingw32/bin/../lib/gcc/nios2-elf/4.7.3/../../../../../H-x86_64-mingw32/nios2-elf/lib\libc.a(lib_a-dtoa.o)
 .comment       0x0000000000000000       0x24 d:/altera/14.0/nios2eds/bin/gnu/h-x86_64-mingw32/bin/../lib/gcc/nios2-elf/4.7.3/../../../../../H-x86_64-mingw32/nios2-elf/lib\libc.a(lib_a-fflush.o)
 .comment       0x0000000000000000       0x24 d:/altera/14.0/nios2eds/bin/gnu/h-x86_64-mingw32/bin/../lib/gcc/nios2-elf/4.7.3/../../../../../H-x86_64-mingw32/nios2-elf/lib\libc.a(lib_a-findfp.o)
 .comment       0x0000000000000000       0x24 d:/altera/14.0/nios2eds/bin/gnu/h-x86_64-mingw32/bin/../lib/gcc/nios2-elf/4.7.3/../../../../../H-x86_64-mingw32/nios2-elf/lib\libc.a(lib_a-freer.o)
 .comment       0x0000000000000000       0x24 d:/altera/14.0/nios2eds/bin/gnu/h-x86_64-mingw32/bin/../lib/gcc/nios2-elf/4.7.3/../../../../../H-x86_64-mingw32/nios2-elf/lib\libc.a(lib_a-fvwrite.o)
 .comment       0x0000000000000000       0x24 d:/altera/14.0/nios2eds/bin/gnu/h-x86_64-mingw32/bin/../lib/gcc/nios2-elf/4.7.3/../../../../../H-x86_64-mingw32/nios2-elf/lib\libc.a(lib_a-fwalk.o)
 .comment       0x0000000000000000       0x24 d:/altera/14.0/nios2eds/bin/gnu/h-x86_64-mingw32/bin/../lib/gcc/nios2-elf/4.7.3/../../../../../H-x86_64-mingw32/nios2-elf/lib\libc.a(lib_a-impure.o)
 .comment       0x0000000000000000       0x24 d:/altera/14.0/nios2eds/bin/gnu/h-x86_64-mingw32/bin/../lib/gcc/nios2-elf/4.7.3/../../../../../H-x86_64-mingw32/nios2-elf/lib\libc.a(lib_a-locale.o)
 .comment       0x0000000000000000       0x24 d:/altera/14.0/nios2eds/bin/gnu/h-x86_64-mingw32/bin/../lib/gcc/nios2-elf/4.7.3/../../../../../H-x86_64-mingw32/nios2-elf/lib\libc.a(lib_a-makebuf.o)
 .comment       0x0000000000000000       0x24 d:/altera/14.0/nios2eds/bin/gnu/h-x86_64-mingw32/bin/../lib/gcc/nios2-elf/4.7.3/../../../../../H-x86_64-mingw32/nios2-elf/lib\libc.a(lib_a-mallocr.o)
 .comment       0x0000000000000000       0x24 d:/altera/14.0/nios2eds/bin/gnu/h-x86_64-mingw32/bin/../lib/gcc/nios2-elf/4.7.3/../../../../../H-x86_64-mingw32/nios2-elf/lib\libc.a(lib_a-memchr.o)
 .comment       0x0000000000000000       0x24 d:/altera/14.0/nios2eds/bin/gnu/h-x86_64-mingw32/bin/../lib/gcc/nios2-elf/4.7.3/../../../../../H-x86_64-mingw32/nios2-elf/lib\libc.a(lib_a-memcpy.o)
 .comment       0x0000000000000000       0x24 d:/altera/14.0/nios2eds/bin/gnu/h-x86_64-mingw32/bin/../lib/gcc/nios2-elf/4.7.3/../../../../../H-x86_64-mingw32/nios2-elf/lib\libc.a(lib_a-memmove.o)
 .comment       0x0000000000000000       0x24 d:/altera/14.0/nios2eds/bin/gnu/h-x86_64-mingw32/bin/../lib/gcc/nios2-elf/4.7.3/../../../../../H-x86_64-mingw32/nios2-elf/lib\libc.a(lib_a-memset.o)
 .comment       0x0000000000000000       0x24 d:/altera/14.0/nios2eds/bin/gnu/h-x86_64-mingw32/bin/../lib/gcc/nios2-elf/4.7.3/../../../../../H-x86_64-mingw32/nios2-elf/lib\libc.a(lib_a-mprec.o)
 .comment       0x0000000000000000       0x24 d:/altera/14.0/nios2eds/bin/gnu/h-x86_64-mingw32/bin/../lib/gcc/nios2-elf/4.7.3/../../../../../H-x86_64-mingw32/nios2-elf/lib\libc.a(lib_a-reallocr.o)
 .comment       0x0000000000000000       0x24 d:/altera/14.0/nios2eds/bin/gnu/h-x86_64-mingw32/bin/../lib/gcc/nios2-elf/4.7.3/../../../../../H-x86_64-mingw32/nios2-elf/lib\libc.a(lib_a-s_isinfd.o)
 .comment       0x0000000000000000       0x24 d:/altera/14.0/nios2eds/bin/gnu/h-x86_64-mingw32/bin/../lib/gcc/nios2-elf/4.7.3/../../../../../H-x86_64-mingw32/nios2-elf/lib\libc.a(lib_a-s_isnand.o)
 .comment       0x0000000000000000       0x24 d:/altera/14.0/nios2eds/bin/gnu/h-x86_64-mingw32/bin/../lib/gcc/nios2-elf/4.7.3/../../../../../H-x86_64-mingw32/nios2-elf/lib\libc.a(lib_a-sbrkr.o)
 .comment       0x0000000000000000       0x24 d:/altera/14.0/nios2eds/bin/gnu/h-x86_64-mingw32/bin/../lib/gcc/nios2-elf/4.7.3/../../../../../H-x86_64-mingw32/nios2-elf/lib\libc.a(lib_a-stdio.o)